Archive member included to satisfy reference by file (symbol)

/opt/st/stm32cubeide/y/plugins/com.st.stm32cube.ide.mcu.externaltools.gnu-tools-for-stm32.13.3.rel1.linux64_1.0.100.202509120712/tools/bin/../lib/gcc/arm-none-eabi/13.3.1/../../../../arm-none-eabi/lib/thumb/v7e-m+dp/hard/libc_nano.a(libc_a-exit.o)
                              /opt/st/stm32cubeide/y/plugins/com.st.stm32cube.ide.mcu.externaltools.gnu-tools-for-stm32.13.3.rel1.linux64_1.0.100.202509120712/tools/bin/../lib/gcc/arm-none-eabi/13.3.1/../../../../arm-none-eabi/lib/thumb/v7e-m+dp/hard/crt0.o (exit)
/opt/st/stm32cubeide/y/plugins/com.st.stm32cube.ide.mcu.externaltools.gnu-tools-for-stm32.13.3.rel1.linux64_1.0.100.202509120712/tools/bin/../lib/gcc/arm-none-eabi/13.3.1/../../../../arm-none-eabi/lib/thumb/v7e-m+dp/hard/libc_nano.a(libc_a-findfp.o)
                              /opt/st/stm32cubeide/y/plugins/com.st.stm32cube.ide.mcu.externaltools.gnu-tools-for-stm32.13.3.rel1.linux64_1.0.100.202509120712/tools/bin/../lib/gcc/arm-none-eabi/13.3.1/../../../../arm-none-eabi/lib/thumb/v7e-m+dp/hard/libc_nano.a(libc_a-exit.o) (__stdio_exit_handler)
/opt/st/stm32cubeide/y/plugins/com.st.stm32cube.ide.mcu.externaltools.gnu-tools-for-stm32.13.3.rel1.linux64_1.0.100.202509120712/tools/bin/../lib/gcc/arm-none-eabi/13.3.1/../../../../arm-none-eabi/lib/thumb/v7e-m+dp/hard/libc_nano.a(libc_a-fwalk.o)
                              /opt/st/stm32cubeide/y/plugins/com.st.stm32cube.ide.mcu.externaltools.gnu-tools-for-stm32.13.3.rel1.linux64_1.0.100.202509120712/tools/bin/../lib/gcc/arm-none-eabi/13.3.1/../../../../arm-none-eabi/lib/thumb/v7e-m+dp/hard/libc_nano.a(libc_a-findfp.o) (_fwalk_sglue)
/opt/st/stm32cubeide/y/plugins/com.st.stm32cube.ide.mcu.externaltools.gnu-tools-for-stm32.13.3.rel1.linux64_1.0.100.202509120712/tools/bin/../lib/gcc/arm-none-eabi/13.3.1/../../../../arm-none-eabi/lib/thumb/v7e-m+dp/hard/libc_nano.a(libc_a-stdio.o)
                              /opt/st/stm32cubeide/y/plugins/com.st.stm32cube.ide.mcu.externaltools.gnu-tools-for-stm32.13.3.rel1.linux64_1.0.100.202509120712/tools/bin/../lib/gcc/arm-none-eabi/13.3.1/../../../../arm-none-eabi/lib/thumb/v7e-m+dp/hard/libc_nano.a(libc_a-findfp.o) (__sread)
/opt/st/stm32cubeide/y/plugins/com.st.stm32cube.ide.mcu.externaltools.gnu-tools-for-stm32.13.3.rel1.linux64_1.0.100.202509120712/tools/bin/../lib/gcc/arm-none-eabi/13.3.1/../../../../arm-none-eabi/lib/thumb/v7e-m+dp/hard/libc_nano.a(libc_a-memset.o)
                              /opt/st/stm32cubeide/y/plugins/com.st.stm32cube.ide.mcu.externaltools.gnu-tools-for-stm32.13.3.rel1.linux64_1.0.100.202509120712/tools/bin/../lib/gcc/arm-none-eabi/13.3.1/../../../../arm-none-eabi/lib/thumb/v7e-m+dp/hard/crt0.o (memset)
/opt/st/stm32cubeide/y/plugins/com.st.stm32cube.ide.mcu.externaltools.gnu-tools-for-stm32.13.3.rel1.linux64_1.0.100.202509120712/tools/bin/../lib/gcc/arm-none-eabi/13.3.1/../../../../arm-none-eabi/lib/thumb/v7e-m+dp/hard/libc_nano.a(libc_a-closer.o)
                              /opt/st/stm32cubeide/y/plugins/com.st.stm32cube.ide.mcu.externaltools.gnu-tools-for-stm32.13.3.rel1.linux64_1.0.100.202509120712/tools/bin/../lib/gcc/arm-none-eabi/13.3.1/../../../../arm-none-eabi/lib/thumb/v7e-m+dp/hard/libc_nano.a(libc_a-stdio.o) (_close_r)
/opt/st/stm32cubeide/y/plugins/com.st.stm32cube.ide.mcu.externaltools.gnu-tools-for-stm32.13.3.rel1.linux64_1.0.100.202509120712/tools/bin/../lib/gcc/arm-none-eabi/13.3.1/../../../../arm-none-eabi/lib/thumb/v7e-m+dp/hard/libc_nano.a(libc_a-reent.o)
                              /opt/st/stm32cubeide/y/plugins/com.st.stm32cube.ide.mcu.externaltools.gnu-tools-for-stm32.13.3.rel1.linux64_1.0.100.202509120712/tools/bin/../lib/gcc/arm-none-eabi/13.3.1/../../../../arm-none-eabi/lib/thumb/v7e-m+dp/hard/libc_nano.a(libc_a-closer.o) (errno)
/opt/st/stm32cubeide/y/plugins/com.st.stm32cube.ide.mcu.externaltools.gnu-tools-for-stm32.13.3.rel1.linux64_1.0.100.202509120712/tools/bin/../lib/gcc/arm-none-eabi/13.3.1/../../../../arm-none-eabi/lib/thumb/v7e-m+dp/hard/libc_nano.a(libc_a-impure.o)
                              /opt/st/stm32cubeide/y/plugins/com.st.stm32cube.ide.mcu.externaltools.gnu-tools-for-stm32.13.3.rel1.linux64_1.0.100.202509120712/tools/bin/../lib/gcc/arm-none-eabi/13.3.1/../../../../arm-none-eabi/lib/thumb/v7e-m+dp/hard/libc_nano.a(libc_a-reent.o) (_impure_ptr)
/opt/st/stm32cubeide/y/plugins/com.st.stm32cube.ide.mcu.externaltools.gnu-tools-for-stm32.13.3.rel1.linux64_1.0.100.202509120712/tools/bin/../lib/gcc/arm-none-eabi/13.3.1/../../../../arm-none-eabi/lib/thumb/v7e-m+dp/hard/libc_nano.a(libc_a-lseekr.o)
                              /opt/st/stm32cubeide/y/plugins/com.st.stm32cube.ide.mcu.externaltools.gnu-tools-for-stm32.13.3.rel1.linux64_1.0.100.202509120712/tools/bin/../lib/gcc/arm-none-eabi/13.3.1/../../../../arm-none-eabi/lib/thumb/v7e-m+dp/hard/libc_nano.a(libc_a-stdio.o) (_lseek_r)
[...]
Memory Configuration

Name             Origin             Length             Attributes
FLASH            0x08000000         0x00200000         xr
DTCMRAM          0x20000000         0x00020000         xrw
RAM_D1           0x24000000         0x00080000         xrw
RAM_D2           0x30000000         0x00048000         xrw
RAM_D3           0x38000000         0x00010000         xrw
ITCMRAM          0x00000000         0x00010000         xrw
*default*        0x00000000         0xffffffff

Linker script and memory map

LOAD /opt/st/stm32cubeide/y/plugins/com.st.stm32cube.ide.mcu.externaltools.gnu-tools-for-stm32.13.3.rel1.linux64_1.0.100.202509120712/tools/bin/../lib/gcc/arm-none-eabi/13.3.1/thumb/v7e-m+dp/hard/crti.o
LOAD /opt/st/stm32cubeide/y/plugins/com.st.stm32cube.ide.mcu.externaltools.gnu-tools-for-stm32.13.3.rel1.linux64_1.0.100.202509120712/tools/bin/../lib/gcc/arm-none-eabi/13.3.1/thumb/v7e-m+dp/hard/crtbegin.o
LOAD /opt/st/stm32cubeide/y/plugins/com.st.stm32cube.ide.mcu.externaltools.gnu-tools-for-stm32.13.3.rel1.linux64_1.0.100.202509120712/tools/bin/../lib/gcc/arm-none-eabi/13.3.1/../../../../arm-none-eabi/lib/thumb/v7e-m+dp/hard/crt0.o
LOAD ./Core/Libraries/Logic/PID.o
LOAD ./Core/Libraries/Logic/SpeedProfile.o
LOAD ./Core/Libraries/Logic/odometry.o
LOAD ./Core/Libraries/Logic/sequences.o
LOAD ./Core/Libraries/Peripherals/encoders.o
LOAD ./Core/Libraries/Peripherals/motors.o
LOAD ./Core/Src/main.o
LOAD ./Core/Src/stm32h7xx_hal_msp.o
LOAD ./Core/Src/stm32h7xx_it.o
LOAD ./Core/Src/syscalls.o
LOAD ./Core/Src/sysmem.o
LOAD ./Core/Src/system_stm32h7xx.o
LOAD ./Core/Startup/startup_stm32h743zitx.o
LOAD ./Drivers/STM32H7xx_HAL_Driver/Src/stm32h7xx_hal.o
LOAD ./Drivers/STM32H7xx_HAL_Driver/Src/stm32h7xx_hal_cortex.o
LOAD ./Drivers/STM32H7xx_HAL_Driver/Src/stm32h7xx_hal_dma.o
LOAD ./Drivers/STM32H7xx_HAL_Driver/Src/stm32h7xx_hal_dma_ex.o
LOAD ./Drivers/STM32H7xx_HAL_Driver/Src/stm32h7xx_hal_exti.o
LOAD ./Drivers/STM32H7xx_HAL_Driver/Src/stm32h7xx_hal_flash.o
LOAD ./Drivers/STM32H7xx_HAL_Driver/Src/stm32h7xx_hal_flash_ex.o
LOAD ./Drivers/STM32H7xx_HAL_Driver/Src/stm32h7xx_hal_gpio.o
LOAD ./Drivers/STM32H7xx_HAL_Driver/Src/stm32h7xx_hal_hsem.o
LOAD ./Drivers/STM32H7xx_HAL_Driver/Src/stm32h7xx_hal_i2c.o
LOAD ./Drivers/STM32H7xx_HAL_Driver/Src/stm32h7xx_hal_i2c_ex.o
LOAD ./Drivers/STM32H7xx_HAL_Driver/Src/stm32h7xx_hal_mdma.o
LOAD ./Drivers/STM32H7xx_HAL_Driver/Src/stm32h7xx_hal_pwr.o
LOAD ./Drivers/STM32H7xx_HAL_Driver/Src/stm32h7xx_hal_pwr_ex.o
LOAD ./Drivers/STM32H7xx_HAL_Driver/Src/stm32h7xx_hal_rcc.o
LOAD ./Drivers/STM32H7xx_HAL_Driver/Src/stm32h7xx_hal_rcc_ex.o
LOAD ./Drivers/STM32H7xx_HAL_Driver/Src/stm32h7xx_hal_tim.o
LOAD ./Drivers/STM32H7xx_HAL_Driver/Src/stm32h7xx_hal_tim_ex.o
LOAD ./Drivers/STM32H7xx_HAL_Driver/Src/stm32h7xx_hal_uart.o
LOAD ./Drivers/STM32H7xx_HAL_Driver/Src/stm32h7xx_hal_uart_ex.o
START GROUP
LOAD /opt/st/stm32cubeide/y/plugins/com.st.stm32cube.ide.mcu.externaltools.gnu-tools-for-stm32.13.3.rel1.linux64_1.0.100.202509120712/tools/bin/../lib/gcc/arm-none-eabi/13.3.1/../../../../arm-none-eabi/lib/thumb/v7e-m+dp/hard/libc_nano.a
LOAD /opt/st/stm32cubeide/y/plugins/com.st.stm32cube.ide.mcu.externaltools.gnu-tools-for-stm32.13.3.rel1.linux64_1.0.100.202509120712/tools/bin/../lib/gcc/arm-none-eabi/13.3.1/../../../../arm-none-eabi/lib/thumb/v7e-m+dp/hard/libm.a
END GROUP
START GROUP
LOAD /opt/st/stm32cubeide/y/plugins/com.st.stm32cube.ide.mcu.externaltools.gnu-tools-for-stm32.13.3.rel1.linux64_1.0.100.202509120712/tools/bin/../lib/gcc/arm-none-eabi/13.3.1/thumb/v7e-m+dp/hard/libgcc.a
LOAD /opt/st/stm32cubeide/y/plugins/com.st.stm32cube.ide.mcu.externaltools.gnu-tools-for-stm32.13.3.rel1.linux64_1.0.100.202509120712/tools/bin/../lib/gcc/arm-none-eabi/13.3.1/../../../../arm-none-eabi/lib/thumb/v7e-m+dp/hard/libc_nano.a
END GROUP
START GROUP
LOAD /opt/st/stm32cubeide/y/plugins/com.st.stm32cube.ide.mcu.externaltools.gnu-tools-for-stm32.13.3.rel1.linux64_1.0.100.202509120712/tools/bin/../lib/gcc/arm-none-eabi/13.3.1/thumb/v7e-m+dp/hard/libgcc.a
LOAD /opt/st/stm32cubeide/y/plugins/com.st.stm32cube.ide.mcu.externaltools.gnu-tools-for-stm32.13.3.rel1.linux64_1.0.100.202509120712/tools/bin/../lib/gcc/arm-none-eabi/13.3.1/../../../../arm-none-eabi/lib/thumb/v7e-m+dp/hard/libc_nano.a
LOAD /opt/st/stm32cubeide/y/plugins/com.st.stm32cube.ide.mcu.externaltools.gnu-tools-for-stm32.13.3.rel1.linux64_1.0.100.202509120712/tools/bin/../lib/gcc/arm-none-eabi/13.3.1/../../../../arm-none-eabi/lib/thumb/v7e-m+dp/hard/libnosys.a
END GROUP
START GROUP
LOAD /opt/st/stm32cubeide/y/plugins/com.st.stm32cube.ide.mcu.externaltools.gnu-tools-for-stm32.13.3.rel1.linux64_1.0.100.202509120712/tools/bin/../lib/gcc/arm-none-eabi/13.3.1/thumb/v7e-m+dp/hard/libgcc.a
LOAD /opt/st/stm32cubeide/y/plugins/com.st.stm32cube.ide.mcu.externaltools.gnu-tools-for-stm32.13.3.rel1.linux64_1.0.100.202509120712/tools/bin/../lib/gcc/arm-none-eabi/13.3.1/../../../../arm-none-eabi/lib/thumb/v7e-m+dp/hard/libc_nano.a
LOAD /opt/st/stm32cubeide/y/plugins/com.st.stm32cube.ide.mcu.externaltools.gnu-tools-for-stm32.13.3.rel1.linux64_1.0.100.202509120712/tools/bin/../lib/gcc/arm-none-eabi/13.3.1/../../../../arm-none-eabi/lib/thumb/v7e-m+dp/hard/libnosys.a
END GROUP
LOAD /opt/st/stm32cubeide/y/plugins/com.st.stm32cube.ide.mcu.externaltools.gnu-tools-for-stm32.13.3.rel1.linux64_1.0.100.202509120712/tools/bin/../lib/gcc/arm-none-eabi/13.3.1/thumb/v7e-m+dp/hard/crtend.o
LOAD /opt/st/stm32cubeide/y/plugins/com.st.stm32cube.ide.mcu.externaltools.gnu-tools-for-stm32.13.3.rel1.linux64_1.0.100.202509120712/tools/bin/../lib/gcc/arm-none-eabi/13.3.1/thumb/v7e-m+dp/hard/crtn.o
                0x24080000                        _estack = (ORIGIN (RAM_D1) + LENGTH (RAM_D1))
                0x00000200                        _Min_Heap_Size = 0x200
                0x00000400                        _Min_Stack_Size = 0x400

.isr_vector     0x08000000      0x298
                0x08000000                        . = ALIGN (0x4)
 *(.isr_vector)
 .isr_vector    0x08000000      0x298 ./Core/Startup/startup_stm32h743zitx.o
                0x08000000                g_pfnVectors
                0x08000298                        . = ALIGN (0x4)

.text           0x08000298     0x93f0
                0x08000298                        . = ALIGN (0x4)
 *(.text)
 .text          0x08000298       0x40 /opt/st/stm32cubeide/y/plugins/com.st.stm32cube.ide.mcu.externaltools.gnu-tools-for-stm32.13.3.rel1.linux64_1.0.100.202509120712/tools/bin/../lib/gcc/arm-none-eabi/13.3.1/thumb/v7e-m+dp/hard/crtbegin.o
 .text          0x080002d8      0x378 /opt/st/stm32cubeide/y/plugins/com.st.stm32cube.ide.mcu.externaltools.gnu-tools-for-stm32.13.3.rel1.linux64_1.0.100.202509120712/tools/bin/../lib/gcc/arm-none-eabi/13.3.1/thumb/v7e-m+dp/hard/libgcc.a(_arm_addsubdf3.o)
                0x080002d8                __aeabi_drsub
                0x080002e0                __aeabi_dsub
                0x080002e0                __subdf3
                0x080002e4                __adddf3
                0x080002e4                __aeabi_dadd
                0x0800055c                __aeabi_ui2d
                0x0800055c                __floatunsidf
                0x0800057c                __floatsidf
                0x0800057c                __aeabi_i2d
                0x080005a0                __extendsfdf2
                0x080005a0                __aeabi_f2d
                0x080005e4                __aeabi_ul2d
                0x080005e4                __floatundidf
                0x080005f4                __floatdidf
                0x080005f4                __aeabi_l2d
 .text          0x08000650       0x30 /opt/st/stm32cubeide/y/plugins/com.st.stm32cube.ide.mcu.externaltools.gnu-tools-for-stm32.13.3.rel1.linux64_1.0.100.202509120712/tools/bin/../lib/gcc/arm-none-eabi/13.3.1/thumb/v7e-m+dp/hard/libgcc.a(_aeabi_uldivmod.o)
                0x08000650                __aeabi_uldivmod
 .text          0x08000680      0x2f8 /opt/st/stm32cubeide/y/plugins/com.st.stm32cube.ide.mcu.externaltools.gnu-tools-for-stm32.13.3.rel1.linux64_1.0.100.202509120712/tools/bin/../lib/gcc/arm-none-eabi/13.3.1/thumb/v7e-m+dp/hard/libgcc.a(_udivmoddi4.o)
                0x08000680                __udivmoddi4
 .text          0x08000978        0x4 /opt/st/stm32cubeide/y/plugins/com.st.stm32cube.ide.mcu.externaltools.gnu-tools-for-stm32.13.3.rel1.linux64_1.0.100.202509120712/tools/bin/../lib/gcc/arm-none-eabi/13.3.1/thumb/v7e-m+dp/hard/libgcc.a(_dvmd_tls.o)
                0x08000978                __aeabi_ldiv0
                0x08000978                __aeabi_idiv0
 *(.text*)
 .text.reset_PID
                0x0800097c       0x58 ./Core/Libraries/Logic/PID.o
                0x0800097c                reset_PID
 .text.calculate_trapezoid
                0x080009d4      0x2d0 ./Core/Libraries/Logic/SpeedProfile.o
                0x080009d4                calculate_trapezoid
 *fill*         0x08000ca4        0x4 
 .text.calculate_angular_trapezoid
                0x08000ca8      0x31c ./Core/Libraries/Logic/SpeedProfile.o
                0x08000ca8                calculate_angular_trapezoid
 .text.calculate_spin_trapezoid
                0x08000fc4      0x200 ./Core/Libraries/Logic/SpeedProfile.o
                0x08000fc4                calculate_spin_trapezoid
 .text.reset_move_profiles
                0x080011c4       0x38 ./Core/Libraries/Logic/SpeedProfile.o
                0x080011c4                reset_move_profiles
 *fill*         0x080011fc        0x4 
 .text.odometry_init
                0x08001200       0xa4 ./Core/Libraries/Logic/odometry.o
                0x08001200                odometry_init
 *fill*         0x080012a4        0x4 
 .text.calculate_odometry
                0x080012a8      0x1f4 ./Core/Libraries/Logic/odometry.o
                0x080012a8                calculate_odometry
 .text.get_speed_r
                0x0800149c       0x28 ./Core/Libraries/Logic/odometry.o
                0x0800149c                get_speed_r
 .text.get_speed_l
                0x080014c4       0x28 ./Core/Libraries/Logic/odometry.o
                0x080014c4                get_speed_l
 .text.get_x    0x080014ec       0x1c ./Core/Libraries/Logic/odometry.o
                0x080014ec                get_x
 .text.get_y    0x08001508       0x1c ./Core/Libraries/Logic/odometry.o
                0x08001508                get_y
 .text.get_fi   0x08001524       0x1c ./Core/Libraries/Logic/odometry.o
                0x08001524                get_fi
 .text.get_unwrapped_fi
                0x08001540       0x1c ./Core/Libraries/Logic/odometry.o
                0x08001540                get_unwrapped_fi
 .text.pushers_on
                0x0800155c       0x28 ./Core/Libraries/Logic/sequences.o
                0x0800155c                pushers_on
 .text.pushers_off
                0x08001584       0x28 ./Core/Libraries/Logic/sequences.o
                0x08001584                pushers_off
 .text.encoder_init
                0x080015ac       0x30 ./Core/Libraries/Peripherals/encoders.o
                0x080015ac                encoder_init
 .text.encoder_get_count_right_motor
                0x080015dc       0x2c ./Core/Libraries/Peripherals/encoders.o
                0x080015dc                encoder_get_count_right_motor
 .text.encoder_get_count_left_motor
                0x08001608       0x2c ./Core/Libraries/Peripherals/encoders.o
                0x08001608                encoder_get_count_left_motor
 .text.PWM_Init
                0x08001634       0x2c ./Core/Libraries/Peripherals/motors.o
                0x08001634                PWM_Init
 .text.move_AX_Wheels_Sync
                0x08001660      0x1e4 ./Core/Libraries/Peripherals/motors.o
                0x08001660                move_AX_Wheels_Sync
 .text.move_AX_Servo_Sync
                0x08001844      0x20c ./Core/Libraries/Peripherals/motors.o
                0x08001844                move_AX_Servo_Sync
 .text.main     0x08001a50      0x108 ./Core/Src/main.o
                0x08001a50                main
 .text.HAL_TIM_PeriodElapsedCallback
                0x08001b58      0x3f0 ./Core/Src/main.o
                0x08001b58                HAL_TIM_PeriodElapsedCallback
 .text.SystemClock_Config
                0x08001f48       0xfc ./Core/Src/main.o
                0x08001f48                SystemClock_Config
 .text.MX_TIM1_Init
                0x08002044       0xb4 ./Core/Src/main.o
 .text.MX_TIM2_Init
                0x080020f8       0xa8 ./Core/Src/main.o
 .text.MX_TIM3_Init
                0x080021a0       0xcc ./Core/Src/main.o
 .text.MX_TIM4_Init
                0x0800226c       0xcc ./Core/Src/main.o
 .text.MX_TIM7_Init
                0x08002338       0x6c ./Core/Src/main.o
 .text.MX_USART1_UART_Init
                0x080023a4       0x98 ./Core/Src/main.o
 .text.MX_GPIO_Init
                0x0800243c      0x19c ./Core/Src/main.o
 .text.MPU_Config
                0x080025d8       0x58 ./Core/Src/main.o
 .text.Error_Handler
                0x08002630        0xc ./Core/Src/main.o
                0x08002630                Error_Handler
 .text.HAL_MspInit
                0x0800263c       0x34 ./Core/Src/stm32h7xx_hal_msp.o
                0x0800263c                HAL_MspInit
 .text.HAL_TIM_Encoder_MspInit
                0x08002670      0x100 ./Core/Src/stm32h7xx_hal_msp.o
                0x08002670                HAL_TIM_Encoder_MspInit
 .text.HAL_TIM_PWM_MspInit
                0x08002770       0x80 ./Core/Src/stm32h7xx_hal_msp.o
                0x08002770                HAL_TIM_PWM_MspInit
 .text.HAL_TIM_Base_MspInit
                0x080027f0       0x50 ./Core/Src/stm32h7xx_hal_msp.o
                0x080027f0                HAL_TIM_Base_MspInit
 .text.HAL_TIM_MspPostInit
                0x08002840       0xc8 ./Core/Src/stm32h7xx_hal_msp.o
                0x08002840                HAL_TIM_MspPostInit
 .text.HAL_UART_MspInit
                0x08002908       0xd4 ./Core/Src/stm32h7xx_hal_msp.o
                0x08002908                HAL_UART_MspInit
 .text.NMI_Handler
                0x080029dc        0x8 ./Core/Src/stm32h7xx_it.o
                0x080029dc                NMI_Handler
 .text.HardFault_Handler
                0x080029e4        0x8 ./Core/Src/stm32h7xx_it.o
                0x080029e4                HardFault_Handler
 .text.MemManage_Handler
                0x080029ec        0x8 ./Core/Src/stm32h7xx_it.o
                0x080029ec                MemManage_Handler
 .text.BusFault_Handler
                0x080029f4        0x8 ./Core/Src/stm32h7xx_it.o
                0x080029f4                BusFault_Handler
 .text.UsageFault_Handler
                0x080029fc        0x8 ./Core/Src/stm32h7xx_it.o
                0x080029fc                UsageFault_Handler
 .text.SVC_Handler
                0x08002a04        0xe ./Core/Src/stm32h7xx_it.o
                0x08002a04                SVC_Handler
 .text.DebugMon_Handler
                0x08002a12        0xe ./Core/Src/stm32h7xx_it.o
                0x08002a12                DebugMon_Handler
 .text.PendSV_Handler
                0x08002a20        0xe ./Core/Src/stm32h7xx_it.o
                0x08002a20                PendSV_Handler
 .text.SysTick_Handler
                0x08002a2e        0xc ./Core/Src/stm32h7xx_it.o
                0x08002a2e                SysTick_Handler
 *fill*         0x08002a3a        0x2 
 .text.TIM4_IRQHandler
                0x08002a3c       0x14 ./Core/Src/stm32h7xx_it.o
                0x08002a3c                TIM4_IRQHandler
 .text.TIM7_IRQHandler
                0x08002a50       0x14 ./Core/Src/stm32h7xx_it.o
                0x08002a50                TIM7_IRQHandler
 .text.SystemInit
                0x08002a64      0x140 ./Core/Src/system_stm32h7xx.o
                0x08002a64                SystemInit
 .text.ExitRun0Mode
                0x08002ba4       0x30 ./Core/Src/system_stm32h7xx.o
                0x08002ba4                ExitRun0Mode
 .text.Reset_Handler
                0x08002bd4       0x54 ./Core/Startup/startup_stm32h743zitx.o
                0x08002bd4                Reset_Handler
 .text.Default_Handler
                0x08002c28        0x2 ./Core/Startup/startup_stm32h743zitx.o
                0x08002c28                RTC_Alarm_IRQHandler
                0x08002c28                EXTI2_IRQHandler
                0x08002c28                TIM8_CC_IRQHandler
                0x08002c28                HRTIM1_Master_IRQHandler
                0x08002c28                UART8_IRQHandler
                0x08002c28                SPI4_IRQHandler
                0x08002c28                TIM1_CC_IRQHandler
                0x08002c28                BDMA_Channel6_IRQHandler
                0x08002c28                DMA2_Stream5_IRQHandler
                0x08002c28                HRTIM1_FLT_IRQHandler
                0x08002c28                JPEG_IRQHandler
                0x08002c28                DMA1_Stream5_IRQHandler
                0x08002c28                BDMA_Channel1_IRQHandler
                0x08002c28                HRTIM1_TIMD_IRQHandler
                0x08002c28                TAMP_STAMP_IRQHandler
                0x08002c28                EXTI3_IRQHandler
                0x08002c28                LPTIM4_IRQHandler
                0x08002c28                TIM8_TRG_COM_TIM14_IRQHandler
                0x08002c28                LPTIM2_IRQHandler
                0x08002c28                DFSDM1_FLT1_IRQHandler
                0x08002c28                DMAMUX2_OVR_IRQHandler
                0x08002c28                TIM8_UP_TIM13_IRQHandler
                0x08002c28                I2C3_ER_IRQHandler
                0x08002c28                DFSDM1_FLT2_IRQHandler
                0x08002c28                MDMA_IRQHandler
                0x08002c28                LPTIM3_IRQHandler
                0x08002c28                HSEM1_IRQHandler
                0x08002c28                EXTI0_IRQHandler
                0x08002c28                I2C2_EV_IRQHandler
                0x08002c28                DMA1_Stream2_IRQHandler
                0x08002c28                FPU_IRQHandler
                0x08002c28                OTG_HS_WKUP_IRQHandler
                0x08002c28                FDCAN1_IT1_IRQHandler
                0x08002c28                LTDC_ER_IRQHandler
                0x08002c28                DMA2_Stream2_IRQHandler
                0x08002c28                HRTIM1_TIME_IRQHandler
                0x08002c28                SPI1_IRQHandler
                0x08002c28                TIM6_DAC_IRQHandler
                0x08002c28                DCMI_IRQHandler
                0x08002c28                HRTIM1_TIMC_IRQHandler
                0x08002c28                DMA2_Stream3_IRQHandler
                0x08002c28                SAI2_IRQHandler
                0x08002c28                DFSDM1_FLT3_IRQHandler
                0x08002c28                USART6_IRQHandler
                0x08002c28                TIM17_IRQHandler
                0x08002c28                USART3_IRQHandler
                0x08002c28                BDMA_Channel7_IRQHandler
                0x08002c28                LPTIM5_IRQHandler
                0x08002c28                UART5_IRQHandler
                0x08002c28                ADC3_IRQHandler
                0x08002c28                DMA2_Stream0_IRQHandler
                0x08002c28                BDMA_Channel2_IRQHandler
                0x08002c28                QUADSPI_IRQHandler
                0x08002c28                I2C1_EV_IRQHandler
                0x08002c28                DMA1_Stream6_IRQHandler
                0x08002c28                DMAMUX1_OVR_IRQHandler
                0x08002c28                DMA1_Stream1_IRQHandler
                0x08002c28                TIM16_IRQHandler
                0x08002c28                UART4_IRQHandler
                0x08002c28                BDMA_Channel5_IRQHandler
                0x08002c28                TIM3_IRQHandler
                0x08002c28                RCC_IRQHandler
                0x08002c28                TIM8_BRK_TIM12_IRQHandler
                0x08002c28                TIM1_TRG_COM_IRQHandler
                0x08002c28                Default_Handler
                0x08002c28                ECC_IRQHandler
                0x08002c28                CEC_IRQHandler
                0x08002c28                EXTI15_10_IRQHandler
                0x08002c28                BDMA_Channel0_IRQHandler
                0x08002c28                ADC_IRQHandler
                0x08002c28                DMA1_Stream7_IRQHandler
                0x08002c28                HRTIM1_TIMA_IRQHandler
                0x08002c28                SPI5_IRQHandler
                0x08002c28                SDMMC1_IRQHandler
                0x08002c28                TIM5_IRQHandler
                0x08002c28                DMA2_Stream7_IRQHandler
                0x08002c28                TIM15_IRQHandler
                0x08002c28                PVD_AVD_IRQHandler
                0x08002c28                I2C3_EV_IRQHandler
                0x08002c28                EXTI9_5_IRQHandler
                0x08002c28                RTC_WKUP_IRQHandler
                0x08002c28                LTDC_IRQHandler
                0x08002c28                SAI3_IRQHandler
                0x08002c28                ETH_WKUP_IRQHandler
                0x08002c28                SPDIF_RX_IRQHandler
                0x08002c28                SPI2_IRQHandler
                0x08002c28                OTG_HS_EP1_IN_IRQHandler
                0x08002c28                DMA1_Stream0_IRQHandler
                0x08002c28                CRS_IRQHandler
                0x08002c28                EXTI4_IRQHandler
                0x08002c28                RNG_IRQHandler
                0x08002c28                HRTIM1_TIMB_IRQHandler
                0x08002c28                FDCAN2_IT1_IRQHandler
                0x08002c28                ETH_IRQHandler
                0x08002c28                TIM1_UP_IRQHandler
                0x08002c28                BDMA_Channel4_IRQHandler
                0x08002c28                OTG_HS_EP1_OUT_IRQHandler
                0x08002c28                WWDG_IRQHandler
                0x08002c28                SPI6_IRQHandler
                0x08002c28                MDIOS_IRQHandler
                0x08002c28                I2C4_EV_IRQHandler
                0x08002c28                FDCAN2_IT0_IRQHandler
                0x08002c28                LPUART1_IRQHandler
                0x08002c28                FDCAN1_IT0_IRQHandler
                0x08002c28                TIM2_IRQHandler
                0x08002c28                OTG_FS_WKUP_IRQHandler
                0x08002c28                OTG_HS_IRQHandler
                0x08002c28                DMA2D_IRQHandler
                0x08002c28                TIM1_BRK_IRQHandler
                0x08002c28                EXTI1_IRQHandler
                0x08002c28                SDMMC2_IRQHandler
                0x08002c28                OTG_FS_EP1_OUT_IRQHandler
                0x08002c28                BDMA_Channel3_IRQHandler
                0x08002c28                UART7_IRQHandler
                0x08002c28                MDIOS_WKUP_IRQHandler
                0x08002c28                USART2_IRQHandler
                0x08002c28                DFSDM1_FLT0_IRQHandler
                0x08002c28                SAI4_IRQHandler
                0x08002c28                I2C2_ER_IRQHandler
                0x08002c28                DMA2_Stream1_IRQHandler
                0x08002c28                FLASH_IRQHandler
                0x08002c28                DMA2_Stream4_IRQHandler
                0x08002c28                USART1_IRQHandler
                0x08002c28                OTG_FS_IRQHandler
                0x08002c28                SPI3_IRQHandler
                0x08002c28                WAKEUP_PIN_IRQHandler
                0x08002c28                DMA1_Stream4_IRQHandler
                0x08002c28                OTG_FS_EP1_IN_IRQHandler
                0x08002c28                I2C1_ER_IRQHandler
                0x08002c28                FMC_IRQHandler
                0x08002c28                FDCAN_CAL_IRQHandler
                0x08002c28                SWPMI1_IRQHandler
                0x08002c28                COMP1_IRQHandler
                0x08002c28                LPTIM1_IRQHandler
                0x08002c28                I2C4_ER_IRQHandler
                0x08002c28                DMA2_Stream6_IRQHandler
                0x08002c28                SAI1_IRQHandler
                0x08002c28                DMA1_Stream3_IRQHandler
 *fill*         0x08002c2a        0x2 
 .text.HAL_Init
                0x08002c2c       0x78 ./Drivers/STM32H7xx_HAL_Driver/Src/stm32h7xx_hal.o
                0x08002c2c                HAL_Init
 .text.HAL_InitTick
                0x08002ca4       0x6c ./Drivers/STM32H7xx_HAL_Driver/Src/stm32h7xx_hal.o
                0x08002ca4                HAL_InitTick
 .text.HAL_IncTick
                0x08002d10       0x28 ./Drivers/STM32H7xx_HAL_Driver/Src/stm32h7xx_hal.o
                0x08002d10                HAL_IncTick
 .text.HAL_GetTick
                0x08002d38       0x18 ./Drivers/STM32H7xx_HAL_Driver/Src/stm32h7xx_hal.o
                0x08002d38                HAL_GetTick
 .text.HAL_Delay
                0x08002d50       0x48 ./Drivers/STM32H7xx_HAL_Driver/Src/stm32h7xx_hal.o
                0x08002d50                HAL_Delay
 .text.HAL_GetREVID
                0x08002d98       0x18 ./Drivers/STM32H7xx_HAL_Driver/Src/stm32h7xx_hal.o
                0x08002d98                HAL_GetREVID
 .text.__NVIC_SetPriorityGrouping
                0x08002db0       0x48 ./Drivers/STM32H7xx_HAL_Driver/Src/stm32h7xx_hal_cortex.o
 .text.__NVIC_GetPriorityGrouping
                0x08002df8       0x1c ./Drivers/STM32H7xx_HAL_Driver/Src/stm32h7xx_hal_cortex.o
 .text.__NVIC_EnableIRQ
                0x08002e14       0x3c ./Drivers/STM32H7xx_HAL_Driver/Src/stm32h7xx_hal_cortex.o
 .text.__NVIC_SetPriority
                0x08002e50       0x54 ./Drivers/STM32H7xx_HAL_Driver/Src/stm32h7xx_hal_cortex.o
 .text.NVIC_EncodePriority
                0x08002ea4       0x66 ./Drivers/STM32H7xx_HAL_Driver/Src/stm32h7xx_hal_cortex.o
 *fill*         0x08002f0a        0x2 
 .text.SysTick_Config
                0x08002f0c       0x44 ./Drivers/STM32H7xx_HAL_Driver/Src/stm32h7xx_hal_cortex.o
 .text.HAL_NVIC_SetPriorityGrouping
                0x08002f50       0x16 ./Drivers/STM32H7xx_HAL_Driver/Src/stm32h7xx_hal_cortex.o
                0x08002f50                HAL_NVIC_SetPriorityGrouping
 .text.HAL_NVIC_SetPriority
                0x08002f66       0x34 ./Drivers/STM32H7xx_HAL_Driver/Src/stm32h7xx_hal_cortex.o
                0x08002f66                HAL_NVIC_SetPriority
 .text.HAL_NVIC_EnableIRQ
                0x08002f9a       0x1c ./Drivers/STM32H7xx_HAL_Driver/Src/stm32h7xx_hal_cortex.o
                0x08002f9a                HAL_NVIC_EnableIRQ
 .text.HAL_SYSTICK_Config
                0x08002fb6       0x18 ./Drivers/STM32H7xx_HAL_Driver/Src/stm32h7xx_hal_cortex.o
                0x08002fb6                HAL_SYSTICK_Config
 *fill*         0x08002fce        0x2 
 .text.HAL_MPU_Disable
                0x08002fd0       0x30 ./Drivers/STM32H7xx_HAL_Driver/Src/stm32h7xx_hal_cortex.o
                0x08002fd0                HAL_MPU_Disable
 .text.HAL_MPU_Enable
                0x08003000       0x40 ./Drivers/STM32H7xx_HAL_Driver/Src/stm32h7xx_hal_cortex.o
                0x08003000                HAL_MPU_Enable
 .text.HAL_MPU_ConfigRegion
                0x08003040       0x80 ./Drivers/STM32H7xx_HAL_Driver/Src/stm32h7xx_hal_cortex.o
                0x08003040                HAL_MPU_ConfigRegion
 .text.HAL_GPIO_Init
                0x080030c0      0x360 ./Drivers/STM32H7xx_HAL_Driver/Src/stm32h7xx_hal_gpio.o
                0x080030c0                HAL_GPIO_Init
 .text.HAL_GPIO_WritePin
                0x08003420       0x32 ./Drivers/STM32H7xx_HAL_Driver/Src/stm32h7xx_hal_gpio.o
                0x08003420                HAL_GPIO_WritePin
 *fill*         0x08003452        0x2 
 .text.HAL_PWREx_ConfigSupply
                0x08003454       0x74 ./Drivers/STM32H7xx_HAL_Driver/Src/stm32h7xx_hal_pwr_ex.o
                0x08003454                HAL_PWREx_ConfigSupply
 .text.HAL_RCC_OscConfig
                0x080034c8      0x8b4 ./Drivers/STM32H7xx_HAL_Driver/Src/stm32h7xx_hal_rcc.o
                0x080034c8                HAL_RCC_OscConfig
 .text.HAL_RCC_ClockConfig
                0x08003d7c      0x36c ./Drivers/STM32H7xx_HAL_Driver/Src/stm32h7xx_hal_rcc.o
                0x08003d7c                HAL_RCC_ClockConfig
 .text.HAL_RCC_GetSysClockFreq
                0x080040e8      0x2f4 ./Drivers/STM32H7xx_HAL_Driver/Src/stm32h7xx_hal_rcc.o
                0x080040e8                HAL_RCC_GetSysClockFreq
 .text.HAL_RCC_GetHCLKFreq
                0x080043dc       0x60 ./Drivers/STM32H7xx_HAL_Driver/Src/stm32h7xx_hal_rcc.o
                0x080043dc                HAL_RCC_GetHCLKFreq
 .text.HAL_RCC_GetPCLK1Freq
                0x0800443c       0x2c ./Drivers/STM32H7xx_HAL_Driver/Src/stm32h7xx_hal_rcc.o
                0x0800443c                HAL_RCC_GetPCLK1Freq
 .text.HAL_RCC_GetPCLK2Freq
                0x08004468       0x2c ./Drivers/STM32H7xx_HAL_Driver/Src/stm32h7xx_hal_rcc.o
                0x08004468                HAL_RCC_GetPCLK2Freq
 .text.HAL_RCCEx_PeriphCLKConfig
                0x08004494     0x1414 ./Drivers/STM32H7xx_HAL_Driver/Src/stm32h7xx_hal_rcc_ex.o
                0x08004494                HAL_RCCEx_PeriphCLKConfig
 .text.HAL_RCCEx_GetD3PCLK1Freq
                0x080058a8       0x2c ./Drivers/STM32H7xx_HAL_Driver/Src/stm32h7xx_hal_rcc_ex.o
                0x080058a8                HAL_RCCEx_GetD3PCLK1Freq
 .text.HAL_RCCEx_GetPLL2ClockFreq
                0x080058d4      0x2a8 ./Drivers/STM32H7xx_HAL_Driver/Src/stm32h7xx_hal_rcc_ex.o
                0x080058d4                HAL_RCCEx_GetPLL2ClockFreq
 .text.HAL_RCCEx_GetPLL3ClockFreq
                0x08005b7c      0x2a8 ./Drivers/STM32H7xx_HAL_Driver/Src/stm32h7xx_hal_rcc_ex.o
                0x08005b7c                HAL_RCCEx_GetPLL3ClockFreq
 .text.RCCEx_PLL2_Config
                0x08005e24      0x164 ./Drivers/STM32H7xx_HAL_Driver/Src/stm32h7xx_hal_rcc_ex.o
 .text.RCCEx_PLL3_Config
                0x08005f88      0x164 ./Drivers/STM32H7xx_HAL_Driver/Src/stm32h7xx_hal_rcc_ex.o
 .text.HAL_TIM_Base_Init
                0x080060ec       0xae ./Drivers/STM32H7xx_HAL_Driver/Src/stm32h7xx_hal_tim.o
                0x080060ec                HAL_TIM_Base_Init
 *fill*         0x0800619a        0x2 
 .text.HAL_TIM_Base_Start_IT
                0x0800619c       0xf0 ./Drivers/STM32H7xx_HAL_Driver/Src/stm32h7xx_hal_tim.o
                0x0800619c                HAL_TIM_Base_Start_IT
 .text.HAL_TIM_Base_Stop_IT
                0x0800628c       0x5e ./Drivers/STM32H7xx_HAL_Driver/Src/stm32h7xx_hal_tim.o
                0x0800628c                HAL_TIM_Base_Stop_IT
 .text.HAL_TIM_PWM_Init
                0x080062ea       0xae ./Drivers/STM32H7xx_HAL_Driver/Src/stm32h7xx_hal_tim.o
                0x080062ea                HAL_TIM_PWM_Init
 .text.HAL_TIM_PWM_Start
                0x08006398      0x21c ./Drivers/STM32H7xx_HAL_Driver/Src/stm32h7xx_hal_tim.o
                0x08006398                HAL_TIM_PWM_Start
 .text.HAL_TIM_PWM_Stop
                0x080065b4      0x12c ./Drivers/STM32H7xx_HAL_Driver/Src/stm32h7xx_hal_tim.o
                0x080065b4                HAL_TIM_PWM_Stop
 .text.HAL_TIM_Encoder_Init
                0x080066e0      0x14c ./Drivers/STM32H7xx_HAL_Driver/Src/stm32h7xx_hal_tim.o
                0x080066e0                HAL_TIM_Encoder_Init
 .text.HAL_TIM_Encoder_Start
                0x0800682c      0x11c ./Drivers/STM32H7xx_HAL_Driver/Src/stm32h7xx_hal_tim.o
                0x0800682c                HAL_TIM_Encoder_Start
 .text.HAL_TIM_IRQHandler
                0x08006948      0x20e ./Drivers/STM32H7xx_HAL_Driver/Src/stm32h7xx_hal_tim.o
                0x08006948                HAL_TIM_IRQHandler
 *fill*         0x08006b56        0x2 
 .text.HAL_TIM_PWM_ConfigChannel
                0x08006b58      0x228 ./Drivers/STM32H7xx_HAL_Driver/Src/stm32h7xx_hal_tim.o
                0x08006b58                HAL_TIM_PWM_ConfigChannel
 .text.HAL_TIM_OC_DelayElapsedCallback
                0x08006d80       0x14 ./Drivers/STM32H7xx_HAL_Driver/Src/stm32h7xx_hal_tim.o
                0x08006d80                HAL_TIM_OC_DelayElapsedCallback
 .text.HAL_TIM_IC_CaptureCallback
                0x08006d94       0x14 ./Drivers/STM32H7xx_HAL_Driver/Src/stm32h7xx_hal_tim.o
                0x08006d94                HAL_TIM_IC_CaptureCallback
 .text.HAL_TIM_PWM_PulseFinishedCallback
                0x08006da8       0x14 ./Drivers/STM32H7xx_HAL_Driver/Src/stm32h7xx_hal_tim.o
                0x08006da8                HAL_TIM_PWM_PulseFinishedCallback
 .text.HAL_TIM_TriggerCallback
                0x08006dbc       0x14 ./Drivers/STM32H7xx_HAL_Driver/Src/stm32h7xx_hal_tim.o
                0x08006dbc                HAL_TIM_TriggerCallback
 .text.TIM_Base_SetConfig
                0x08006dd0      0x140 ./Drivers/STM32H7xx_HAL_Driver/Src/stm32h7xx_hal_tim.o
                0x08006dd0                TIM_Base_SetConfig
 .text.TIM_OC1_SetConfig
                0x08006f10      0x120 ./Drivers/STM32H7xx_HAL_Driver/Src/stm32h7xx_hal_tim.o
 .text.TIM_OC2_SetConfig
                0x08007030      0x114 ./Drivers/STM32H7xx_HAL_Driver/Src/stm32h7xx_hal_tim.o
                0x08007030                TIM_OC2_SetConfig
 .text.TIM_OC3_SetConfig
                0x08007144      0x110 ./Drivers/STM32H7xx_HAL_Driver/Src/stm32h7xx_hal_tim.o
 .text.TIM_OC4_SetConfig
                0x08007254       0xd4 ./Drivers/STM32H7xx_HAL_Driver/Src/stm32h7xx_hal_tim.o
 .text.TIM_OC5_SetConfig
                0x08007328       0xc8 ./Drivers/STM32H7xx_HAL_Driver/Src/stm32h7xx_hal_tim.o
 .text.TIM_OC6_SetConfig
                0x080073f0       0xcc ./Drivers/STM32H7xx_HAL_Driver/Src/stm32h7xx_hal_tim.o
 .text.TIM_CCxChannelCmd
                0x080074bc       0x4a ./Drivers/STM32H7xx_HAL_Driver/Src/stm32h7xx_hal_tim.o
                0x080074bc                TIM_CCxChannelCmd
 *fill*         0x08007506        0x2 
 .text.HAL_TIMEx_MasterConfigSynchronization
                0x08007508      0x11c ./Drivers/STM32H7xx_HAL_Driver/Src/stm32h7xx_hal_tim_ex.o
                0x08007508                HAL_TIMEx_MasterConfigSynchronization
 .text.HAL_TIMEx_CommutCallback
                0x08007624       0x14 ./Drivers/STM32H7xx_HAL_Driver/Src/stm32h7xx_hal_tim_ex.o
                0x08007624                HAL_TIMEx_CommutCallback
 .text.HAL_TIMEx_BreakCallback
                0x08007638       0x14 ./Drivers/STM32H7xx_HAL_Driver/Src/stm32h7xx_hal_tim_ex.o
                0x08007638                HAL_TIMEx_BreakCallback
 .text.HAL_TIMEx_Break2Callback
                0x0800764c       0x14 ./Drivers/STM32H7xx_HAL_Driver/Src/stm32h7xx_hal_tim_ex.o
                0x0800764c                HAL_TIMEx_Break2Callback
 .text.HAL_HalfDuplex_Init
                0x08007660       0xb0 ./Drivers/STM32H7xx_HAL_Driver/Src/stm32h7xx_hal_uart.o
                0x08007660                HAL_HalfDuplex_Init
 .text.HAL_UART_Transmit
                0x08007710      0x11c ./Drivers/STM32H7xx_HAL_Driver/Src/stm32h7xx_hal_uart.o
                0x08007710                HAL_UART_Transmit
 .text.UART_SetConfig
                0x0800782c      0xad0 ./Drivers/STM32H7xx_HAL_Driver/Src/stm32h7xx_hal_uart.o
                0x0800782c                UART_SetConfig
 .text.UART_AdvFeatureConfig
                0x080082fc      0x144 ./Drivers/STM32H7xx_HAL_Driver/Src/stm32h7xx_hal_uart.o
                0x080082fc                UART_AdvFeatureConfig
 .text.UART_CheckIdleState
                0x08008440      0x154 ./Drivers/STM32H7xx_HAL_Driver/Src/stm32h7xx_hal_uart.o
                0x08008440                UART_CheckIdleState
 .text.UART_WaitOnFlagUntilTimeout
                0x08008594       0xda ./Drivers/STM32H7xx_HAL_Driver/Src/stm32h7xx_hal_uart.o
                0x08008594                UART_WaitOnFlagUntilTimeout
 *fill*         0x0800866e        0x2 
 .text.UART_EndRxTransfer
                0x08008670       0xcc ./Drivers/STM32H7xx_HAL_Driver/Src/stm32h7xx_hal_uart.o
 .text.HAL_UARTEx_DisableFifoMode
                0x0800873c       0x72 ./Drivers/STM32H7xx_HAL_Driver/Src/stm32h7xx_hal_uart_ex.o
                0x0800873c                HAL_UARTEx_DisableFifoMode
 .text.HAL_UARTEx_SetTxFifoThreshold
                0x080087ae       0x7c ./Drivers/STM32H7xx_HAL_Driver/Src/stm32h7xx_hal_uart_ex.o
                0x080087ae                HAL_UARTEx_SetTxFifoThreshold
 .text.HAL_UARTEx_SetRxFifoThreshold
                0x0800882a       0x7c ./Drivers/STM32H7xx_HAL_Driver/Src/stm32h7xx_hal_uart_ex.o
                0x0800882a                HAL_UARTEx_SetRxFifoThreshold
 *fill*         0x080088a6        0x2 
 .text.UARTEx_SetNbDataToProcess
                0x080088a8       0x9c ./Drivers/STM32H7xx_HAL_Driver/Src/stm32h7xx_hal_uart_ex.o
 .text.memset   0x08008944       0x10 /opt/st/stm32cubeide/y/plugins/com.st.stm32cube.ide.mcu.externaltools.gnu-tools-for-stm32.13.3.rel1.linux64_1.0.100.202509120712/tools/bin/../lib/gcc/arm-none-eabi/13.3.1/../../../../arm-none-eabi/lib/thumb/v7e-m+dp/hard/libc_nano.a(libc_a-memset.o)
                0x08008944                memset
 .text.__errno  0x08008954        0xc /opt/st/stm32cubeide/y/plugins/com.st.stm32cube.ide.mcu.externaltools.gnu-tools-for-stm32.13.3.rel1.linux64_1.0.100.202509120712/tools/bin/../lib/gcc/arm-none-eabi/13.3.1/../../../../arm-none-eabi/lib/thumb/v7e-m+dp/hard/libc_nano.a(libc_a-errno.o)
                0x08008954                __errno
 .text.__libc_init_array
                0x08008960       0x48 /opt/st/stm32cubeide/y/plugins/com.st.stm32cube.ide.mcu.externaltools.gnu-tools-for-stm32.13.3.rel1.linux64_1.0.100.202509120712/tools/bin/../lib/gcc/arm-none-eabi/13.3.1/../../../../arm-none-eabi/lib/thumb/v7e-m+dp/hard/libc_nano.a(libc_a-init.o)
                0x08008960                __libc_init_array
 .text.sqrt     0x080089a8       0x40 /opt/st/stm32cubeide/y/plugins/com.st.stm32cube.ide.mcu.externaltools.gnu-tools-for-stm32.13.3.rel1.linux64_1.0.100.202509120712/tools/bin/../lib/gcc/arm-none-eabi/13.3.1/../../../../arm-none-eabi/lib/thumb/v7e-m+dp/hard/libm.a(libm_a-w_sqrt.o)
                0x080089a8                sqrt
 .text.atan2f   0x080089e8        0x4 /opt/st/stm32cubeide/y/plugins/com.st.stm32cube.ide.mcu.externaltools.gnu-tools-for-stm32.13.3.rel1.linux64_1.0.100.202509120712/tools/bin/../lib/gcc/arm-none-eabi/13.3.1/../../../../arm-none-eabi/lib/thumb/v7e-m+dp/hard/libm.a(libm_a-wf_atan2.o)
                0x080089e8                atan2f
 .text.sqrtf    0x080089ec       0x3c /opt/st/stm32cubeide/y/plugins/com.st.stm32cube.ide.mcu.externaltools.gnu-tools-for-stm32.13.3.rel1.linux64_1.0.100.202509120712/tools/bin/../lib/gcc/arm-none-eabi/13.3.1/../../../../arm-none-eabi/lib/thumb/v7e-m+dp/hard/libm.a(libm_a-wf_sqrt.o)
                0x080089ec                sqrtf
 .text.checkint
                0x08008a28       0x68 /opt/st/stm32cubeide/y/plugins/com.st.stm32cube.ide.mcu.externaltools.gnu-tools-for-stm32.13.3.rel1.linux64_1.0.100.202509120712/tools/bin/../lib/gcc/arm-none-eabi/13.3.1/../../../../arm-none-eabi/lib/thumb/v7e-m+dp/hard/libm.a(libm_a-pow.o)
 .text.pow      0x08008a90      0x4a0 /opt/st/stm32cubeide/y/plugins/com.st.stm32cube.ide.mcu.externaltools.gnu-tools-for-stm32.13.3.rel1.linux64_1.0.100.202509120712/tools/bin/../lib/gcc/arm-none-eabi/13.3.1/../../../../arm-none-eabi/lib/thumb/v7e-m+dp/hard/libm.a(libm_a-pow.o)
                0x08008a90                pow
 .text.sinf_poly
                0x08008f30       0x54 /opt/st/stm32cubeide/y/plugins/com.st.stm32cube.ide.mcu.externaltools.gnu-tools-for-stm32.13.3.rel1.linux64_1.0.100.202509120712/tools/bin/../lib/gcc/arm-none-eabi/13.3.1/../../../../arm-none-eabi/lib/thumb/v7e-m+dp/hard/libm.a(libm_a-sinf.o)
 *fill*         0x08008f84        0x4 
 .text.sinf     0x08008f88      0x130 /opt/st/stm32cubeide/y/plugins/com.st.stm32cube.ide.mcu.externaltools.gnu-tools-for-stm32.13.3.rel1.linux64_1.0.100.202509120712/tools/bin/../lib/gcc/arm-none-eabi/13.3.1/../../../../arm-none-eabi/lib/thumb/v7e-m+dp/hard/libm.a(libm_a-sinf.o)
                0x08008f88                sinf
 .text.sinf_poly
                0x080090b8       0x54 /opt/st/stm32cubeide/y/plugins/com.st.stm32cube.ide.mcu.externaltools.gnu-tools-for-stm32.13.3.rel1.linux64_1.0.100.202509120712/tools/bin/../lib/gcc/arm-none-eabi/13.3.1/../../../../arm-none-eabi/lib/thumb/v7e-m+dp/hard/libm.a(libm_a-cosf.o)
 *fill*         0x0800910c        0x4 
 .text.cosf     0x08009110      0x140 /opt/st/stm32cubeide/y/plugins/com.st.stm32cube.ide.mcu.externaltools.gnu-tools-for-stm32.13.3.rel1.linux64_1.0.100.202509120712/tools/bin/../lib/gcc/arm-none-eabi/13.3.1/../../../../arm-none-eabi/lib/thumb/v7e-m+dp/hard/libm.a(libm_a-cosf.o)
                0x08009110                cosf
 .text.with_errnof
                0x08009250       0x1c /opt/st/stm32cubeide/y/plugins/com.st.stm32cube.ide.mcu.externaltools.gnu-tools-for-stm32.13.3.rel1.linux64_1.0.100.202509120712/tools/bin/../lib/gcc/arm-none-eabi/13.3.1/../../../../arm-none-eabi/lib/thumb/v7e-m+dp/hard/libm.a(libm_a-math_errf.o)
 .text.__math_invalidf
                0x0800926c       0x1e /opt/st/stm32cubeide/y/plugins/com.st.stm32cube.ide.mcu.externaltools.gnu-tools-for-stm32.13.3.rel1.linux64_1.0.100.202509120712/tools/bin/../lib/gcc/arm-none-eabi/13.3.1/../../../../arm-none-eabi/lib/thumb/v7e-m+dp/hard/libm.a(libm_a-math_errf.o)
                0x0800926c                __math_invalidf
 .text.__ieee754_sqrt
                0x0800928a        0x6 /opt/st/stm32cubeide/y/plugins/com.st.stm32cube.ide.mcu.externaltools.gnu-tools-for-stm32.13.3.rel1.linux64_1.0.100.202509120712/tools/bin/../lib/gcc/arm-none-eabi/13.3.1/../../../../arm-none-eabi/lib/thumb/v7e-m+dp/hard/libm.a(libm_a-e_sqrt.o)
                0x0800928a                __ieee754_sqrt
 .text.__ieee754_sqrtf
                0x08009290        0x6 /opt/st/stm32cubeide/y/plugins/com.st.stm32cube.ide.mcu.externaltools.gnu-tools-for-stm32.13.3.rel1.linux64_1.0.100.202509120712/tools/bin/../lib/gcc/arm-none-eabi/13.3.1/../../../../arm-none-eabi/lib/thumb/v7e-m+dp/hard/libm.a(libm_a-ef_sqrt.o)
                0x08009290                __ieee754_sqrtf
 *fill*         0x08009296        0x2 
 .text.__ieee754_atan2f
                0x08009298      0x13c /opt/st/stm32cubeide/y/plugins/com.st.stm32cube.ide.mcu.externaltools.gnu-tools-for-stm32.13.3.rel1.linux64_1.0.100.202509120712/tools/bin/../lib/gcc/arm-none-eabi/13.3.1/../../../../arm-none-eabi/lib/thumb/v7e-m+dp/hard/libm.a(libm_a-ef_atan2.o)
                0x08009298                __ieee754_atan2f
 .text.atanf    0x080093d4      0x1a8 /opt/st/stm32cubeide/y/plugins/com.st.stm32cube.ide.mcu.externaltools.gnu-tools-for-stm32.13.3.rel1.linux64_1.0.100.202509120712/tools/bin/../lib/gcc/arm-none-eabi/13.3.1/../../../../arm-none-eabi/lib/thumb/v7e-m+dp/hard/libm.a(libm_a-sf_atan.o)
                0x080093d4                atanf
 .text.fabsf    0x0800957c        0xe /opt/st/stm32cubeide/y/plugins/com.st.stm32cube.ide.mcu.externaltools.gnu-tools-for-stm32.13.3.rel1.linux64_1.0.100.202509120712/tools/bin/../lib/gcc/arm-none-eabi/13.3.1/../../../../arm-none-eabi/lib/thumb/v7e-m+dp/hard/libm.a(libm_a-sf_fabs.o)
                0x0800957c                fabsf
 .text.with_errno
                0x0800958a       0x1c /opt/st/stm32cubeide/y/plugins/com.st.stm32cube.ide.mcu.externaltools.gnu-tools-for-stm32.13.3.rel1.linux64_1.0.100.202509120712/tools/bin/../lib/gcc/arm-none-eabi/13.3.1/../../../../arm-none-eabi/lib/thumb/v7e-m+dp/hard/libm.a(libm_a-math_err.o)
 .text.xflow    0x080095a6       0x22 /opt/st/stm32cubeide/y/plugins/com.st.stm32cube.ide.mcu.externaltools.gnu-tools-for-stm32.13.3.rel1.linux64_1.0.100.202509120712/tools/bin/../lib/gcc/arm-none-eabi/13.3.1/../../../../arm-none-eabi/lib/thumb/v7e-m+dp/hard/libm.a(libm_a-math_err.o)
 .text.__math_uflow
                0x080095c8       0x10 /opt/st/stm32cubeide/y/plugins/com.st.stm32cube.ide.mcu.externaltools.gnu-tools-for-stm32.13.3.rel1.linux64_1.0.100.202509120712/tools/bin/../lib/gcc/arm-none-eabi/13.3.1/../../../../arm-none-eabi/lib/thumb/v7e-m+dp/hard/libm.a(libm_a-math_err.o)
                0x080095c8                __math_uflow
 .text.__math_oflow
                0x080095d8       0x10 /opt/st/stm32cubeide/y/plugins/com.st.stm32cube.ide.mcu.externaltools.gnu-tools-for-stm32.13.3.rel1.linux64_1.0.100.202509120712/tools/bin/../lib/gcc/arm-none-eabi/13.3.1/../../../../arm-none-eabi/lib/thumb/v7e-m+dp/hard/libm.a(libm_a-math_err.o)
                0x080095d8                __math_oflow
 .text.__math_divzero
                0x080095e8       0x30 /opt/st/stm32cubeide/y/plugins/com.st.stm32cube.ide.mcu.externaltools.gnu-tools-for-stm32.13.3.rel1.linux64_1.0.100.202509120712/tools/bin/../lib/gcc/arm-none-eabi/13.3.1/../../../../arm-none-eabi/lib/thumb/v7e-m+dp/hard/libm.a(libm_a-math_err.o)
                0x080095e8                __math_divzero
 .text.__math_invalid
                0x08009618       0x1e /opt/st/stm32cubeide/y/plugins/com.st.stm32cube.ide.mcu.externaltools.gnu-tools-for-stm32.13.3.rel1.linux64_1.0.100.202509120712/tools/bin/../lib/gcc/arm-none-eabi/13.3.1/../../../../arm-none-eabi/lib/thumb/v7e-m+dp/hard/libm.a(libm_a-math_err.o)
                0x08009618                __math_invalid
 .text.__math_check_uflow
                0x08009636       0x12 /opt/st/stm32cubeide/y/plugins/com.st.stm32cube.ide.mcu.externaltools.gnu-tools-for-stm32.13.3.rel1.linux64_1.0.100.202509120712/tools/bin/../lib/gcc/arm-none-eabi/13.3.1/../../../../arm-none-eabi/lib/thumb/v7e-m+dp/hard/libm.a(libm_a-math_err.o)
                0x08009636                __math_check_uflow
 .text.__math_check_oflow
                0x08009648       0x28 /opt/st/stm32cubeide/y/plugins/com.st.stm32cube.ide.mcu.externaltools.gnu-tools-for-stm32.13.3.rel1.linux64_1.0.100.202509120712/tools/bin/../lib/gcc/arm-none-eabi/13.3.1/../../../../arm-none-eabi/lib/thumb/v7e-m+dp/hard/libm.a(libm_a-math_err.o)
                0x08009648                __math_check_oflow
 *(.glue_7)
 .glue_7        0x08009670        0x0 linker stubs
 *(.glue_7t)
 .glue_7t       0x08009670        0x0 linker stubs
 *(.eh_frame)
 .eh_frame      0x08009670        0x0 /opt/st/stm32cubeide/y/plugins/com.st.stm32cube.ide.mcu.externaltools.gnu-tools-for-stm32.13.3.rel1.linux64_1.0.100.202509120712/tools/bin/../lib/gcc/arm-none-eabi/13.3.1/thumb/v7e-m+dp/hard/crtbegin.o
 *(.init)
 .init          0x08009670        0x4 /opt/st/stm32cubeide/y/plugins/com.st.stm32cube.ide.mcu.externaltools.gnu-tools-for-stm32.13.3.rel1.linux64_1.0.100.202509120712/tools/bin/../lib/gcc/arm-none-eabi/13.3.1/thumb/v7e-m+dp/hard/crti.o
                0x08009670                _init
 .init          0x08009674        0x8 /opt/st/stm32cubeide/y/plugins/com.st.stm32cube.ide.mcu.externaltools.gnu-tools-for-stm32.13.3.rel1.linux64_1.0.100.202509120712/tools/bin/../lib/gcc/arm-none-eabi/13.3.1/thumb/v7e-m+dp/hard/crtn.o
 *(.fini)
 .fini          0x0800967c        0x4 /opt/st/stm32cubeide/y/plugins/com.st.stm32cube.ide.mcu.externaltools.gnu-tools-for-stm32.13.3.rel1.linux64_1.0.100.202509120712/tools/bin/../lib/gcc/arm-none-eabi/13.3.1/thumb/v7e-m+dp/hard/crti.o
                0x0800967c                _fini
 .fini          0x08009680        0x8 /opt/st/stm32cubeide/y/plugins/com.st.stm32cube.ide.mcu.externaltools.gnu-tools-for-stm32.13.3.rel1.linux64_1.0.100.202509120712/tools/bin/../lib/gcc/arm-none-eabi/13.3.1/thumb/v7e-m+dp/hard/crtn.o
                0x08009688                        . = ALIGN (0x4)
                0x08009688                        _etext = .

.vfp11_veneer   0x08009688        0x0
 .vfp11_veneer  0x08009688        0x0 linker stubs

.v4_bx          0x08009688        0x0
 .v4_bx         0x08009688        0x0 linker stubs

.iplt           0x08009688        0x0
 .iplt          0x08009688        0x0 /opt/st/stm32cubeide/y/plugins/com.st.stm32cube.ide.mcu.externaltools.gnu-tools-for-stm32.13.3.rel1.linux64_1.0.100.202509120712/tools/bin/../lib/gcc/arm-none-eabi/13.3.1/thumb/v7e-m+dp/hard/crtbegin.o

.rodata         0x08009688     0x1a68
                0x08009688                        . = ALIGN (0x4)
 *(.rodata)
 *(.rodata*)
 .rodata.D1CorePrescTable
                0x08009688       0x10 ./Core/Src/system_stm32h7xx.o
                0x08009688                D1CorePrescTable
 .rodata.UARTPrescTable
                0x08009698       0x18 ./Drivers/STM32H7xx_HAL_Driver/Src/stm32h7xx_hal_uart.o
                0x08009698                UARTPrescTable
 .rodata.numerator.1
                0x080096b0        0x8 ./Drivers/STM32H7xx_HAL_Driver/Src/stm32h7xx_hal_uart_ex.o
 .rodata.denominator.0
                0x080096b8        0x8 ./Drivers/STM32H7xx_HAL_Driver/Src/stm32h7xx_hal_uart_ex.o
 .rodata.__pow_log_data
                0x080096c0     0x1048 /opt/st/stm32cubeide/y/plugins/com.st.stm32cube.ide.mcu.externaltools.gnu-tools-for-stm32.13.3.rel1.linux64_1.0.100.202509120712/tools/bin/../lib/gcc/arm-none-eabi/13.3.1/../../../../arm-none-eabi/lib/thumb/v7e-m+dp/hard/libm.a(libm_a-pow_log_data.o)
                0x080096c0                __pow_log_data
 .rodata.__inv_pio4
                0x0800a708       0x60 /opt/st/stm32cubeide/y/plugins/com.st.stm32cube.ide.mcu.externaltools.gnu-tools-for-stm32.13.3.rel1.linux64_1.0.100.202509120712/tools/bin/../lib/gcc/arm-none-eabi/13.3.1/../../../../arm-none-eabi/lib/thumb/v7e-m+dp/hard/libm.a(libm_a-sincosf_data.o)
                0x0800a708                __inv_pio4
 .rodata.__sincosf_table
                0x0800a768       0xe0 /opt/st/stm32cubeide/y/plugins/com.st.stm32cube.ide.mcu.externaltools.gnu-tools-for-stm32.13.3.rel1.linux64_1.0.100.202509120712/tools/bin/../lib/gcc/arm-none-eabi/13.3.1/../../../../arm-none-eabi/lib/thumb/v7e-m+dp/hard/libm.a(libm_a-sincosf_data.o)
                0x0800a768                __sincosf_table
 .rodata.CSWTCH.9
                0x0800a848        0xc /opt/st/stm32cubeide/y/plugins/com.st.stm32cube.ide.mcu.externaltools.gnu-tools-for-stm32.13.3.rel1.linux64_1.0.100.202509120712/tools/bin/../lib/gcc/arm-none-eabi/13.3.1/../../../../arm-none-eabi/lib/thumb/v7e-m+dp/hard/libm.a(libm_a-ef_atan2.o)
 .rodata.CSWTCH.8
                0x0800a854        0xc /opt/st/stm32cubeide/y/plugins/com.st.stm32cube.ide.mcu.externaltools.gnu-tools-for-stm32.13.3.rel1.linux64_1.0.100.202509120712/tools/bin/../lib/gcc/arm-none-eabi/13.3.1/../../../../arm-none-eabi/lib/thumb/v7e-m+dp/hard/libm.a(libm_a-ef_atan2.o)
 .rodata.atanlo
                0x0800a860       0x10 /opt/st/stm32cubeide/y/plugins/com.st.stm32cube.ide.mcu.externaltools.gnu-tools-for-stm32.13.3.rel1.linux64_1.0.100.202509120712/tools/bin/../lib/gcc/arm-none-eabi/13.3.1/../../../../arm-none-eabi/lib/thumb/v7e-m+dp/hard/libm.a(libm_a-sf_atan.o)
 .rodata.atanhi
                0x0800a870       0x10 /opt/st/stm32cubeide/y/plugins/com.st.stm32cube.ide.mcu.externaltools.gnu-tools-for-stm32.13.3.rel1.linux64_1.0.100.202509120712/tools/bin/../lib/gcc/arm-none-eabi/13.3.1/../../../../arm-none-eabi/lib/thumb/v7e-m+dp/hard/libm.a(libm_a-sf_atan.o)
 .rodata.__exp_data
                0x0800a880      0x870 /opt/st/stm32cubeide/y/plugins/com.st.stm32cube.ide.mcu.externaltools.gnu-tools-for-stm32.13.3.rel1.linux64_1.0.100.202509120712/tools/bin/../lib/gcc/arm-none-eabi/13.3.1/../../../../arm-none-eabi/lib/thumb/v7e-m+dp/hard/libm.a(libm_a-exp_data.o)
                0x0800a880                __exp_data
                0x0800b0f0                        . = ALIGN (0x4)

.ARM.extab
 *(.ARM.extab* .gnu.linkonce.armextab.*)

.ARM            0x0800b0f0        0x8
                0x0800b0f0                        __exidx_start = .
 *(.ARM.exidx*)
 .ARM.exidx     0x0800b0f0        0x8 /opt/st/stm32cubeide/y/plugins/com.st.stm32cube.ide.mcu.externaltools.gnu-tools-for-stm32.13.3.rel1.linux64_1.0.100.202509120712/tools/bin/../lib/gcc/arm-none-eabi/13.3.1/thumb/v7e-m+dp/hard/libgcc.a(_udivmoddi4.o)
                0x0800b0f8                        __exidx_end = .

.preinit_array  0x0800b0f8        0x0
                0x0800b0f8                        PROVIDE (__preinit_array_start = .)
 *(.preinit_array*)
                0x0800b0f8                        PROVIDE (__preinit_array_end = .)

.init_array     0x0800b0f8        0x4
                0x0800b0f8                        PROVIDE (__init_array_start = .)
 *(SORT_BY_NAME(.init_array.*))
 *(.init_array*)
 .init_array    0x0800b0f8        0x4 /opt/st/stm32cubeide/y/plugins/com.st.stm32cube.ide.mcu.externaltools.gnu-tools-for-stm32.13.3.rel1.linux64_1.0.100.202509120712/tools/bin/../lib/gcc/arm-none-eabi/13.3.1/thumb/v7e-m+dp/hard/crtbegin.o
                0x0800b0fc                        PROVIDE (__init_array_end = .)

.fini_array     0x0800b0fc        0x4
                [!provide]                        PROVIDE (__fini_array_start = .)
 *(SORT_BY_NAME(.fini_array.*))
 *(.fini_array*)
 .fini_array    0x0800b0fc        0x4 /opt/st/stm32cubeide/y/plugins/com.st.stm32cube.ide.mcu.externaltools.gnu-tools-for-stm32.13.3.rel1.linux64_1.0.100.202509120712/tools/bin/../lib/gcc/arm-none-eabi/13.3.1/thumb/v7e-m+dp/hard/crtbegin.o
                [!provide]                        PROVIDE (__fini_array_end = .)
                0x0800b100                        _sidata = LOADADDR (.data)

.rel.dyn        0x0800b100        0x0
 .rel.iplt      0x0800b100        0x0 /opt/st/stm32cubeide/y/plugins/com.st.stm32cube.ide.mcu.externaltools.gnu-tools-for-stm32.13.3.rel1.linux64_1.0.100.202509120712/tools/bin/../lib/gcc/arm-none-eabi/13.3.1/thumb/v7e-m+dp/hard/crtbegin.o

.data           0x24000000       0x68 load address 0x0800b100
                0x24000000                        . = ALIGN (0x4)
                0x24000000                        _sdata = .
 *(.data)
 *(.data*)
 .data.des_acc  0x24000000        0x4 ./Core/Src/main.o
                0x24000000                des_acc
 .data.max_vel  0x24000004        0x4 ./Core/Src/main.o
                0x24000004                max_vel
 .data.SystemCoreClock
                0x24000008        0x4 ./Core/Src/system_stm32h7xx.o
                0x24000008                SystemCoreClock
 .data.SystemD2Clock
                0x2400000c        0x4 ./Core/Src/system_stm32h7xx.o
                0x2400000c                SystemD2Clock
 .data.uwTickPrio
                0x24000010        0x4 ./Drivers/STM32H7xx_HAL_Driver/Src/stm32h7xx_hal.o
                0x24000010                uwTickPrio
 .data.uwTickFreq
                0x24000014        0x1 ./Drivers/STM32H7xx_HAL_Driver/Src/stm32h7xx_hal.o
                0x24000014                uwTickFreq
 *fill*         0x24000015        0x3 
 .data._impure_ptr
                0x24000018        0x4 /opt/st/stm32cubeide/y/plugins/com.st.stm32cube.ide.mcu.externaltools.gnu-tools-for-stm32.13.3.rel1.linux64_1.0.100.202509120712/tools/bin/../lib/gcc/arm-none-eabi/13.3.1/../../../../arm-none-eabi/lib/thumb/v7e-m+dp/hard/libc_nano.a(libc_a-impure.o)
                0x24000018                _impure_ptr
 .data._impure_data
                0x2400001c       0x4c /opt/st/stm32cubeide/y/plugins/com.st.stm32cube.ide.mcu.externaltools.gnu-tools-for-stm32.13.3.rel1.linux64_1.0.100.202509120712/tools/bin/../lib/gcc/arm-none-eabi/13.3.1/../../../../arm-none-eabi/lib/thumb/v7e-m+dp/hard/libc_nano.a(libc_a-impure.o)
                0x2400001c                _impure_data
 *(.RamFunc)
 *(.RamFunc*)
                0x24000068                        . = ALIGN (0x4)
                0x24000068                        _edata = .

.igot.plt       0x24000068        0x0 load address 0x0800b168
 .igot.plt      0x24000068        0x0 /opt/st/stm32cubeide/y/plugins/com.st.stm32cube.ide.mcu.externaltools.gnu-tools-for-stm32.13.3.rel1.linux64_1.0.100.202509120712/tools/bin/../lib/gcc/arm-none-eabi/13.3.1/thumb/v7e-m+dp/hard/crtbegin.o
                0x24000068                        . = ALIGN (0x4)

.bss            0x24000068      0x478 load address 0x0800b168
                0x24000068                        _sbss = .
                0x24000068                        __bss_start__ = _sbss
 *(.bss)
 .bss           0x24000068       0x1c /opt/st/stm32cubeide/y/plugins/com.st.stm32cube.ide.mcu.externaltools.gnu-tools-for-stm32.13.3.rel1.linux64_1.0.100.202509120712/tools/bin/../lib/gcc/arm-none-eabi/13.3.1/thumb/v7e-m+dp/hard/crtbegin.o
 *(.bss*)
 .bss.err_speed_l_previous
                0x24000084        0x4 ./Core/Libraries/Logic/PID.o
                0x24000084                err_speed_l_previous
 .bss.u_speed_l
                0x24000088        0x4 ./Core/Libraries/Logic/PID.o
                0x24000088                u_speed_l
 .bss.err_speed_r_previous
                0x2400008c        0x4 ./Core/Libraries/Logic/PID.o
                0x2400008c                err_speed_r_previous
 .bss.u_speed_r
                0x24000090        0x4 ./Core/Libraries/Logic/PID.o
                0x24000090                u_speed_r
 .bss.final_out_r
                0x24000094        0x4 ./Core/Libraries/Logic/PID.o
                0x24000094                final_out_r
 .bss.final_out_l
                0x24000098        0x4 ./Core/Libraries/Logic/PID.o
                0x24000098                final_out_l
 .bss.rots1     0x2400009c        0x4 ./Core/Libraries/Logic/SpeedProfile.o
                0x2400009c                rots1
 .bss.rots2     0x240000a0        0x4 ./Core/Libraries/Logic/SpeedProfile.o
                0x240000a0                rots2
 .bss.s1        0x240000a4        0x4 ./Core/Libraries/Logic/SpeedProfile.o
                0x240000a4                s1
 .bss.s2        0x240000a8        0x4 ./Core/Libraries/Logic/SpeedProfile.o
                0x240000a8                s2
 .bss.total_path
                0x240000ac        0x4 ./Core/Libraries/Logic/SpeedProfile.o
                0x240000ac                total_path
 .bss.s_total_angle
                0x240000b0        0x4 ./Core/Libraries/Logic/SpeedProfile.o
 .bss.s_peak_vel
                0x240000b4        0x4 ./Core/Libraries/Logic/SpeedProfile.o
 .bss.s_1       0x240000b8        0x4 ./Core/Libraries/Logic/SpeedProfile.o
 .bss.s_2       0x240000bc        0x4 ./Core/Libraries/Logic/SpeedProfile.o
 .bss.peak_vel  0x240000c0        0x4 ./Core/Libraries/Logic/SpeedProfile.o
                0x240000c0                peak_vel
 .bss.peak_ang_vel
                0x240000c4        0x4 ./Core/Libraries/Logic/SpeedProfile.o
                0x240000c4                peak_ang_vel
 .bss.is_rotating
                0x240000c8        0x1 ./Core/Libraries/Logic/SpeedProfile.o
 .bss.is_braking
                0x240000c9        0x1 ./Core/Libraries/Logic/SpeedProfile.o
 .bss.is_moving
                0x240000ca        0x1 ./Core/Libraries/Logic/SpeedProfile.o
 .bss.is_spinning
                0x240000cb        0x1 ./Core/Libraries/Logic/SpeedProfile.o
 .bss.target_speed
                0x240000cc        0x4 ./Core/Libraries/Logic/SpeedProfile.o
                0x240000cc                target_speed
 .bss.target_v  0x240000d0        0x4 ./Core/Libraries/Logic/SpeedProfile.o
                0x240000d0                target_v
 .bss.start_x   0x240000d4        0x4 ./Core/Libraries/Logic/SpeedProfile.o
                0x240000d4                start_x
 .bss.start_y   0x240000d8        0x4 ./Core/Libraries/Logic/SpeedProfile.o
                0x240000d8                start_y
 .bss.start_fi  0x240000dc        0x4 ./Core/Libraries/Logic/SpeedProfile.o
                0x240000dc                start_fi
 .bss.total_angle
                0x240000e0        0x4 ./Core/Libraries/Logic/SpeedProfile.o
                0x240000e0                total_angle
 .bss.path_so_far
                0x240000e4        0x4 ./Core/Libraries/Logic/SpeedProfile.o
                0x240000e4                path_so_far
 .bss.remaining2
                0x240000e8        0x4 ./Core/Libraries/Logic/SpeedProfile.o
                0x240000e8                remaining2
 .bss.dist_per_tick_r
                0x240000ec        0x4 ./Core/Libraries/Logic/odometry.o
 .bss.dist_per_tick_l
                0x240000f0        0x4 ./Core/Libraries/Logic/odometry.o
 .bss.wheel_base
                0x240000f4        0x4 ./Core/Libraries/Logic/odometry.o
 .bss.x         0x240000f8        0x4 ./Core/Libraries/Logic/odometry.o
 .bss.y         0x240000fc        0x4 ./Core/Libraries/Logic/odometry.o
 .bss.fi        0x24000100        0x4 ./Core/Libraries/Logic/odometry.o
 .bss.unwrapped_fi
                0x24000104        0x4 ./Core/Libraries/Logic/odometry.o
 .bss.last_n_r  0x24000108        0x4 ./Core/Libraries/Logic/odometry.o
 .bss.last_n_l  0x2400010c        0x4 ./Core/Libraries/Logic/odometry.o
 .bss.ds_r      0x24000110        0x4 ./Core/Libraries/Logic/odometry.o
 .bss.ds_l      0x24000114        0x4 ./Core/Libraries/Logic/odometry.o
 .bss.debug1    0x24000118        0x4 ./Core/Libraries/Peripherals/encoders.o
                0x24000118                debug1
 .bss.debug2    0x2400011c        0x4 ./Core/Libraries/Peripherals/encoders.o
                0x2400011c                debug2
 .bss.current_position
                0x24000120        0x4 ./Core/Libraries/Peripherals/motors.o
                0x24000120                current_position
 .bss.current_position_back
                0x24000124        0x4 ./Core/Libraries/Peripherals/motors.o
                0x24000124                current_position_back
 .bss.step_counter
                0x24000128        0x4 ./Core/Libraries/Peripherals/motors.o
                0x24000128                step_counter
 .bss.step_counter_back
                0x2400012c        0x4 ./Core/Libraries/Peripherals/motors.o
                0x2400012c                step_counter_back
 .bss.pwm_active
                0x24000130        0x4 ./Core/Libraries/Peripherals/motors.o
                0x24000130                pwm_active
 .bss.pwm_active_back
                0x24000134        0x4 ./Core/Libraries/Peripherals/motors.o
                0x24000134                pwm_active_back
 .bss.target_pos
                0x24000138        0x4 ./Core/Libraries/Peripherals/motors.o
                0x24000138                target_pos
 .bss.target_pos_back
                0x2400013c        0x4 ./Core/Libraries/Peripherals/motors.o
                0x2400013c                target_pos_back
 .bss.nmbr_of_steps
                0x24000140        0x4 ./Core/Libraries/Peripherals/motors.o
                0x24000140                nmbr_of_steps
 .bss.nmbr_of_steps_back
                0x24000144        0x4 ./Core/Libraries/Peripherals/motors.o
                0x24000144                nmbr_of_steps_back
 .bss.stepper_moving
                0x24000148        0x1 ./Core/Libraries/Peripherals/motors.o
                0x24000148                stepper_moving
 .bss.stepper_back_moving
                0x24000149        0x1 ./Core/Libraries/Peripherals/motors.o
                0x24000149                stepper_back_moving
 *fill*         0x2400014a        0x2 
 .bss.htim1     0x2400014c       0x4c ./Core/Src/main.o
                0x2400014c                htim1
 .bss.htim2     0x24000198       0x4c ./Core/Src/main.o
                0x24000198                htim2
 .bss.htim3     0x240001e4       0x4c ./Core/Src/main.o
                0x240001e4                htim3
 .bss.htim4     0x24000230       0x4c ./Core/Src/main.o
                0x24000230                htim4
 .bss.htim7     0x2400027c       0x4c ./Core/Src/main.o
                0x2400027c                htim7
 .bss.huart1    0x240002c8       0x94 ./Core/Src/main.o
                0x240002c8                huart1
 .bss.ref_fi    0x2400035c        0x4 ./Core/Src/main.o
                0x2400035c                ref_fi
 .bss.spin_target
                0x24000360        0x4 ./Core/Src/main.o
                0x24000360                spin_target
 .bss.spin_start_angle
                0x24000364        0x4 ./Core/Src/main.o
                0x24000364                spin_start_angle
 .bss.remaining
                0x24000368        0x4 ./Core/Src/main.o
                0x24000368                remaining
 .bss.cx        0x2400036c        0x4 ./Core/Src/main.o
                0x2400036c                cx
 .bss.cy        0x24000370        0x4 ./Core/Src/main.o
                0x24000370                cy
 .bss.cfi       0x24000374        0x4 ./Core/Src/main.o
                0x24000374                cfi
 .bss.c_speedr  0x24000378        0x4 ./Core/Src/main.o
                0x24000378                c_speedr
 .bss.c_speedl  0x2400037c        0x4 ./Core/Src/main.o
                0x2400037c                c_speedl
 .bss.global_goal_x
                0x24000380        0x4 ./Core/Src/main.o
                0x24000380                global_goal_x
 .bss.global_goal_y
                0x24000384        0x4 ./Core/Src/main.o
                0x24000384                global_goal_y
 .bss.movement_phase
                0x24000388        0x1 ./Core/Src/main.o
                0x24000388                movement_phase
 .bss.dir       0x24000389        0x1 ./Core/Src/main.o
                0x24000389                dir
 *fill*         0x2400038a        0x2 
 .bss.v_ref2    0x2400038c        0x4 ./Core/Src/main.o
                0x2400038c                v_ref2
 .bss.sys_t     0x24000390        0x4 ./Core/Src/main.o
                0x24000390                sys_t
 .bss.sys_tax   0x24000394        0x4 ./Core/Src/main.o
                0x24000394                sys_tax
 .bss.designated_time
                0x24000398        0x4 ./Core/Src/main.o
                0x24000398                designated_time
 .bss.ax_moving
                0x2400039c        0x1 ./Core/Src/main.o
                0x2400039c                ax_moving
 *fill*         0x2400039d        0x3 
 .bss.state     0x240003a0        0x4 ./Core/Src/main.o
                0x240003a0                state
 .bss.uwTick    0x240003a4        0x4 ./Drivers/STM32H7xx_HAL_Driver/Src/stm32h7xx_hal.o
                0x240003a4                uwTick
 .bss.__sf      0x240003a8      0x138 /opt/st/stm32cubeide/y/plugins/com.st.stm32cube.ide.mcu.externaltools.gnu-tools-for-stm32.13.3.rel1.linux64_1.0.100.202509120712/tools/bin/../lib/gcc/arm-none-eabi/13.3.1/../../../../arm-none-eabi/lib/thumb/v7e-m+dp/hard/libc_nano.a(libc_a-findfp.o)
                0x240003a8                __sf
 *(COMMON)
                0x240004e0                        . = ALIGN (0x4)
                0x240004e0                        _ebss = .
                0x240004e0                        __bss_end__ = _ebss

._user_heap_stack
                0x240004e0      0x600 load address 0x0800b168
                0x240004e0                        . = ALIGN (0x8)
                [!provide]                        PROVIDE (end = .)
                0x240004e0                        PROVIDE (_end = .)
                0x240006e0                        . = (. + _Min_Heap_Size)
 *fill*         0x240004e0      0x200 
                0x24000ae0                        . = (. + _Min_Stack_Size)
 *fill*         0x240006e0      0x400 
                0x24000ae0                        . = ALIGN (0x8)

/DISCARD/
 libc.a(*)
 libm.a(*)
 libgcc.a(*)

.ARM.attributes
                0x00000000       0x2e
 *(.ARM.attributes)
 .ARM.attributes
                0x00000000       0x20 /opt/st/stm32cubeide/y/plugins/com.st.stm32cube.ide.mcu.externaltools.gnu-tools-for-stm32.13.3.rel1.linux64_1.0.100.202509120712/tools/bin/../lib/gcc/arm-none-eabi/13.3.1/thumb/v7e-m+dp/hard/crti.o
 .ARM.attributes
                0x00000020       0x32 /opt/st/stm32cubeide/y/plugins/com.st.stm32cube.ide.mcu.externaltools.gnu-tools-for-stm32.13.3.rel1.linux64_1.0.100.202509120712/tools/bin/../lib/gcc/arm-none-eabi/13.3.1/thumb/v7e-m+dp/hard/crtbegin.o
 .ARM.attributes
                0x00000052       0x32 ./Core/Libraries/Logic/PID.o
 .ARM.attributes
                0x00000084       0x32 ./Core/Libraries/Logic/SpeedProfile.o
 .ARM.attributes
                0x000000b6       0x32 ./Core/Libraries/Logic/odometry.o
 .ARM.attributes
                0x000000e8       0x32 ./Core/Libraries/Logic/sequences.o
 .ARM.attributes
                0x0000011a       0x32 ./Core/Libraries/Peripherals/encoders.o
 .ARM.attributes
                0x0000014c       0x32 ./Core/Libraries/Peripherals/motors.o
 .ARM.attributes
                0x0000017e       0x32 ./Core/Src/main.o
 .ARM.attributes
                0x000001b0       0x32 ./Core/Src/stm32h7xx_hal_msp.o
 .ARM.attributes
                0x000001e2       0x32 ./Core/Src/stm32h7xx_it.o
 .ARM.attributes
                0x00000214       0x32 ./Core/Src/system_stm32h7xx.o
 .ARM.attributes
                0x00000246       0x21 ./Core/Startup/startup_stm32h743zitx.o
 .ARM.attributes
                0x00000267       0x32 ./Drivers/STM32H7xx_HAL_Driver/Src/stm32h7xx_hal.o
 .ARM.attributes
                0x00000299       0x32 ./Drivers/STM32H7xx_HAL_Driver/Src/stm32h7xx_hal_cortex.o
 .ARM.attributes
                0x000002cb       0x32 ./Drivers/STM32H7xx_HAL_Driver/Src/stm32h7xx_hal_gpio.o
 .ARM.attributes
                0x000002fd       0x32 ./Drivers/STM32H7xx_HAL_Driver/Src/stm32h7xx_hal_pwr_ex.o
 .ARM.attributes
                0x0000032f       0x32 ./Drivers/STM32H7xx_HAL_Driver/Src/stm32h7xx_hal_rcc.o
 .ARM.attributes
                0x00000361       0x32 ./Drivers/STM32H7xx_HAL_Driver/Src/stm32h7xx_hal_rcc_ex.o
 .ARM.attributes
                0x00000393       0x32 ./Drivers/STM32H7xx_HAL_Driver/Src/stm32h7xx_hal_tim.o
 .ARM.attributes
                0x000003c5       0x32 ./Drivers/STM32H7xx_HAL_Driver/Src/stm32h7xx_hal_tim_ex.o
 .ARM.attributes
                0x000003f7       0x32 ./Drivers/STM32H7xx_HAL_Driver/Src/stm32h7xx_hal_uart.o
 .ARM.attributes
                0x00000429       0x32 ./Drivers/STM32H7xx_HAL_Driver/Src/stm32h7xx_hal_uart_ex.o
 .ARM.attributes
                0x0000045b       0x32 /opt/st/stm32cubeide/y/plugins/com.st.stm32cube.ide.mcu.externaltools.gnu-tools-for-stm32.13.3.rel1.linux64_1.0.100.202509120712/tools/bin/../lib/gcc/arm-none-eabi/13.3.1/../../../../arm-none-eabi/lib/thumb/v7e-m+dp/hard/libc_nano.a(libc_a-findfp.o)
 .ARM.attributes
                0x0000048d       0x32 /opt/st/stm32cubeide/y/plugins/com.st.stm32cube.ide.mcu.externaltools.gnu-tools-for-stm32.13.3.rel1.linux64_1.0.100.202509120712/tools/bin/../lib/gcc/arm-none-eabi/13.3.1/../../../../arm-none-eabi/lib/thumb/v7e-m+dp/hard/libc_nano.a(libc_a-memset.o)
 .ARM.attributes
                0x000004bf       0x32 /opt/st/stm32cubeide/y/plugins/com.st.stm32cube.ide.mcu.externaltools.gnu-tools-for-stm32.13.3.rel1.linux64_1.0.100.202509120712/tools/bin/../lib/gcc/arm-none-eabi/13.3.1/../../../../arm-none-eabi/lib/thumb/v7e-m+dp/hard/libc_nano.a(libc_a-impure.o)
 .ARM.attributes
                0x000004f1       0x32 /opt/st/stm32cubeide/y/plugins/com.st.stm32cube.ide.mcu.externaltools.gnu-tools-for-stm32.13.3.rel1.linux64_1.0.100.202509120712/tools/bin/../lib/gcc/arm-none-eabi/13.3.1/../../../../arm-none-eabi/lib/thumb/v7e-m+dp/hard/libc_nano.a(libc_a-errno.o)
 .ARM.attributes
                0x00000523       0x32 /opt/st/stm32cubeide/y/plugins/com.st.stm32cube.ide.mcu.externaltools.gnu-tools-for-stm32.13.3.rel1.linux64_1.0.100.202509120712/tools/bin/../lib/gcc/arm-none-eabi/13.3.1/../../../../arm-none-eabi/lib/thumb/v7e-m+dp/hard/libc_nano.a(libc_a-init.o)
 .ARM.attributes
                0x00000555       0x32 /opt/st/stm32cubeide/y/plugins/com.st.stm32cube.ide.mcu.externaltools.gnu-tools-for-stm32.13.3.rel1.linux64_1.0.100.202509120712/tools/bin/../lib/gcc/arm-none-eabi/13.3.1/../../../../arm-none-eabi/lib/thumb/v7e-m+dp/hard/libm.a(libm_a-w_sqrt.o)
 .ARM.attributes
                0x00000587       0x32 /opt/st/stm32cubeide/y/plugins/com.st.stm32cube.ide.mcu.externaltools.gnu-tools-for-stm32.13.3.rel1.linux64_1.0.100.202509120712/tools/bin/../lib/gcc/arm-none-eabi/13.3.1/../../../../arm-none-eabi/lib/thumb/v7e-m+dp/hard/libm.a(libm_a-wf_atan2.o)
 .ARM.attributes
                0x000005b9       0x32 /opt/st/stm32cubeide/y/plugins/com.st.stm32cube.ide.mcu.externaltools.gnu-tools-for-stm32.13.3.rel1.linux64_1.0.100.202509120712/tools/bin/../lib/gcc/arm-none-eabi/13.3.1/../../../../arm-none-eabi/lib/thumb/v7e-m+dp/hard/libm.a(libm_a-wf_sqrt.o)
 .ARM.attributes
                0x000005eb       0x32 /opt/st/stm32cubeide/y/plugins/com.st.stm32cube.ide.mcu.externaltools.gnu-tools-for-stm32.13.3.rel1.linux64_1.0.100.202509120712/tools/bin/../lib/gcc/arm-none-eabi/13.3.1/../../../../arm-none-eabi/lib/thumb/v7e-m+dp/hard/libm.a(libm_a-pow.o)
 .ARM.attributes
                0x0000061d       0x32 /opt/st/stm32cubeide/y/plugins/com.st.stm32cube.ide.mcu.externaltools.gnu-tools-for-stm32.13.3.rel1.linux64_1.0.100.202509120712/tools/bin/../lib/gcc/arm-none-eabi/13.3.1/../../../../arm-none-eabi/lib/thumb/v7e-m+dp/hard/libm.a(libm_a-pow_log_data.o)
 .ARM.attributes
                0x0000064f       0x32 /opt/st/stm32cubeide/y/plugins/com.st.stm32cube.ide.mcu.externaltools.gnu-tools-for-stm32.13.3.rel1.linux64_1.0.100.202509120712/tools/bin/../lib/gcc/arm-none-eabi/13.3.1/../../../../arm-none-eabi/lib/thumb/v7e-m+dp/hard/libm.a(libm_a-sinf.o)
 .ARM.attributes
                0x00000681       0x32 /opt/st/stm32cubeide/y/plugins/com.st.stm32cube.ide.mcu.externaltools.gnu-tools-for-stm32.13.3.rel1.linux64_1.0.100.202509120712/tools/bin/../lib/gcc/arm-none-eabi/13.3.1/../../../../arm-none-eabi/lib/thumb/v7e-m+dp/hard/libm.a(libm_a-cosf.o)
 .ARM.attributes
                0x000006b3       0x32 /opt/st/stm32cubeide/y/plugins/com.st.stm32cube.ide.mcu.externaltools.gnu-tools-for-stm32.13.3.rel1.linux64_1.0.100.202509120712/tools/bin/../lib/gcc/arm-none-eabi/13.3.1/../../../../arm-none-eabi/lib/thumb/v7e-m+dp/hard/libm.a(libm_a-sincosf_data.o)
 .ARM.attributes
                0x000006e5       0x32 /opt/st/stm32cubeide/y/plugins/com.st.stm32cube.ide.mcu.externaltools.gnu-tools-for-stm32.13.3.rel1.linux64_1.0.100.202509120712/tools/bin/../lib/gcc/arm-none-eabi/13.3.1/../../../../arm-none-eabi/lib/thumb/v7e-m+dp/hard/libm.a(libm_a-math_errf.o)
 .ARM.attributes
                0x00000717       0x32 /opt/st/stm32cubeide/y/plugins/com.st.stm32cube.ide.mcu.externaltools.gnu-tools-for-stm32.13.3.rel1.linux64_1.0.100.202509120712/tools/bin/../lib/gcc/arm-none-eabi/13.3.1/../../../../arm-none-eabi/lib/thumb/v7e-m+dp/hard/libm.a(libm_a-e_sqrt.o)
 .ARM.attributes
                0x00000749       0x32 /opt/st/stm32cubeide/y/plugins/com.st.stm32cube.ide.mcu.externaltools.gnu-tools-for-stm32.13.3.rel1.linux64_1.0.100.202509120712/tools/bin/../lib/gcc/arm-none-eabi/13.3.1/../../../../arm-none-eabi/lib/thumb/v7e-m+dp/hard/libm.a(libm_a-ef_sqrt.o)
 .ARM.attributes
                0x0000077b       0x32 /opt/st/stm32cubeide/y/plugins/com.st.stm32cube.ide.mcu.externaltools.gnu-tools-for-stm32.13.3.rel1.linux64_1.0.100.202509120712/tools/bin/../lib/gcc/arm-none-eabi/13.3.1/../../../../arm-none-eabi/lib/thumb/v7e-m+dp/hard/libm.a(libm_a-ef_atan2.o)
 .ARM.attributes
                0x000007ad       0x32 /opt/st/stm32cubeide/y/plugins/com.st.stm32cube.ide.mcu.externaltools.gnu-tools-for-stm32.13.3.rel1.linux64_1.0.100.202509120712/tools/bin/../lib/gcc/arm-none-eabi/13.3.1/../../../../arm-none-eabi/lib/thumb/v7e-m+dp/hard/libm.a(libm_a-sf_atan.o)
 .ARM.attributes
                0x000007df       0x32 /opt/st/stm32cubeide/y/plugins/com.st.stm32cube.ide.mcu.externaltools.gnu-tools-for-stm32.13.3.rel1.linux64_1.0.100.202509120712/tools/bin/../lib/gcc/arm-none-eabi/13.3.1/../../../../arm-none-eabi/lib/thumb/v7e-m+dp/hard/libm.a(libm_a-sf_fabs.o)
 .ARM.attributes
                0x00000811       0x32 /opt/st/stm32cubeide/y/plugins/com.st.stm32cube.ide.mcu.externaltools.gnu-tools-for-stm32.13.3.rel1.linux64_1.0.100.202509120712/tools/bin/../lib/gcc/arm-none-eabi/13.3.1/../../../../arm-none-eabi/lib/thumb/v7e-m+dp/hard/libm.a(libm_a-exp_data.o)
 .ARM.attributes
                0x00000843       0x32 /opt/st/stm32cubeide/y/plugins/com.st.stm32cube.ide.mcu.externaltools.gnu-tools-for-stm32.13.3.rel1.linux64_1.0.100.202509120712/tools/bin/../lib/gcc/arm-none-eabi/13.3.1/../../../../arm-none-eabi/lib/thumb/v7e-m+dp/hard/libm.a(libm_a-math_err.o)
 .ARM.attributes
                0x00000875       0x20 /opt/st/stm32cubeide/y/plugins/com.st.stm32cube.ide.mcu.externaltools.gnu-tools-for-stm32.13.3.rel1.linux64_1.0.100.202509120712/tools/bin/../lib/gcc/arm-none-eabi/13.3.1/thumb/v7e-m+dp/hard/libgcc.a(_arm_addsubdf3.o)
 .ARM.attributes
                0x00000895       0x20 /opt/st/stm32cubeide/y/plugins/com.st.stm32cube.ide.mcu.externaltools.gnu-tools-for-stm32.13.3.rel1.linux64_1.0.100.202509120712/tools/bin/../lib/gcc/arm-none-eabi/13.3.1/thumb/v7e-m+dp/hard/libgcc.a(_aeabi_uldivmod.o)
 .ARM.attributes
                0x000008b5       0x32 /opt/st/stm32cubeide/y/plugins/com.st.stm32cube.ide.mcu.externaltools.gnu-tools-for-stm32.13.3.rel1.linux64_1.0.100.202509120712/tools/bin/../lib/gcc/arm-none-eabi/13.3.1/thumb/v7e-m+dp/hard/libgcc.a(_udivmoddi4.o)
 .ARM.attributes
                0x000008e7       0x20 /opt/st/stm32cubeide/y/plugins/com.st.stm32cube.ide.mcu.externaltools.gnu-tools-for-stm32.13.3.rel1.linux64_1.0.100.202509120712/tools/bin/../lib/gcc/arm-none-eabi/13.3.1/thumb/v7e-m+dp/hard/libgcc.a(_dvmd_tls.o)
 .ARM.attributes
                0x00000907       0x20 /opt/st/stm32cubeide/y/plugins/com.st.stm32cube.ide.mcu.externaltools.gnu-tools-for-stm32.13.3.rel1.linux64_1.0.100.202509120712/tools/bin/../lib/gcc/arm-none-eabi/13.3.1/thumb/v7e-m+dp/hard/crtn.o
OUTPUT(EurobotFinal.elf elf32-littlearm)
LOAD linker stubs
LOAD /opt/st/stm32cubeide/y/plugins/com.st.stm32cube.ide.mcu.externaltools.gnu-tools-for-stm32.13.3.rel1.linux64_1.0.100.202509120712/tools/bin/../lib/gcc/arm-none-eabi/13.3.1/../../../../arm-none-eabi/lib/thumb/v7e-m+dp/hard/libc.a
LOAD /opt/st/stm32cubeide/y/plugins/com.st.stm32cube.ide.mcu.externaltools.gnu-tools-for-stm32.13.3.rel1.linux64_1.0.100.202509120712/tools/bin/../lib/gcc/arm-none-eabi/13.3.1/../../../../arm-none-eabi/lib/thumb/v7e-m+dp/hard/libm.a
LOAD /opt/st/stm32cubeide/y/plugins/com.st.stm32cube.ide.mcu.externaltools.gnu-tools-for-stm32.13.3.rel1.linux64_1.0.100.202509120712/tools/bin/../lib/gcc/arm-none-eabi/13.3.1/thumb/v7e-m+dp/hard/libgcc.a

.debug_info     0x00000000    0x17b63
 .debug_info    0x00000000      0x47b ./Core/Libraries/Logic/PID.o
 .debug_info    0x0000047b      0x4da ./Core/Libraries/Logic/SpeedProfile.o
 .debug_info    0x00000955      0x337 ./Core/Libraries/Logic/odometry.o
 .debug_info    0x00000c8c      0x278 ./Core/Libraries/Logic/sequences.o
 .debug_info    0x00000f04      0x850 ./Core/Libraries/Peripherals/encoders.o
 .debug_info    0x00001754     0x10f0 ./Core/Libraries/Peripherals/motors.o
 .debug_info    0x00002844     0x21c7 ./Core/Src/main.o
 .debug_info    0x00004a0b     0x19e5 ./Core/Src/stm32h7xx_hal_msp.o
 .debug_info    0x000063f0      0x835 ./Core/Src/stm32h7xx_it.o
 .debug_info    0x00006c25      0xdb2 ./Core/Src/system_stm32h7xx.o
 .debug_info    0x000079d7       0x30 ./Core/Startup/startup_stm32h743zitx.o
 .debug_info    0x00007a07     0x153b ./Drivers/STM32H7xx_HAL_Driver/Src/stm32h7xx_hal.o
 .debug_info    0x00008f42     0x10b1 ./Drivers/STM32H7xx_HAL_Driver/Src/stm32h7xx_hal_cortex.o
 .debug_info    0x00009ff3      0xc5a ./Drivers/STM32H7xx_HAL_Driver/Src/stm32h7xx_hal_gpio.o
 .debug_info    0x0000ac4d     0x1012 ./Drivers/STM32H7xx_HAL_Driver/Src/stm32h7xx_hal_pwr_ex.o
 .debug_info    0x0000bc5f      0xe6a ./Drivers/STM32H7xx_HAL_Driver/Src/stm32h7xx_hal_rcc.o
 .debug_info    0x0000cac9     0x1225 ./Drivers/STM32H7xx_HAL_Driver/Src/stm32h7xx_hal_rcc_ex.o
 .debug_info    0x0000dcee     0x2bae ./Drivers/STM32H7xx_HAL_Driver/Src/stm32h7xx_hal_tim.o
 .debug_info    0x0001089c     0x17eb ./Drivers/STM32H7xx_HAL_Driver/Src/stm32h7xx_hal_tim_ex.o
 .debug_info    0x00012087     0x4b1d ./Drivers/STM32H7xx_HAL_Driver/Src/stm32h7xx_hal_uart.o
 .debug_info    0x00016ba4      0xfbf ./Drivers/STM32H7xx_HAL_Driver/Src/stm32h7xx_hal_uart_ex.o

.debug_abbrev   0x00000000     0x2d41
 .debug_abbrev  0x00000000      0x15f ./Core/Libraries/Logic/PID.o
 .debug_abbrev  0x0000015f      0x18d ./Core/Libraries/Logic/SpeedProfile.o
 .debug_abbrev  0x000002ec      0x122 ./Core/Libraries/Logic/odometry.o
 .debug_abbrev  0x0000040e      0x12d ./Core/Libraries/Logic/sequences.o
 .debug_abbrev  0x0000053b      0x1ab ./Core/Libraries/Peripherals/encoders.o
 .debug_abbrev  0x000006e6      0x250 ./Core/Libraries/Peripherals/motors.o
 .debug_abbrev  0x00000936      0x3dc ./Core/Src/main.o
 .debug_abbrev  0x00000d12      0x263 ./Core/Src/stm32h7xx_hal_msp.o
 .debug_abbrev  0x00000f75      0x192 ./Core/Src/stm32h7xx_it.o
 .debug_abbrev  0x00001107      0x165 ./Core/Src/system_stm32h7xx.o
 .debug_abbrev  0x0000126c       0x24 ./Core/Startup/startup_stm32h743zitx.o
 .debug_abbrev  0x00001290      0x295 ./Drivers/STM32H7xx_HAL_Driver/Src/stm32h7xx_hal.o
 .debug_abbrev  0x00001525      0x339 ./Drivers/STM32H7xx_HAL_Driver/Src/stm32h7xx_hal_cortex.o
 .debug_abbrev  0x0000185e      0x205 ./Drivers/STM32H7xx_HAL_Driver/Src/stm32h7xx_hal_gpio.o
 .debug_abbrev  0x00001a63      0x2a7 ./Drivers/STM32H7xx_HAL_Driver/Src/stm32h7xx_hal_pwr_ex.o
 .debug_abbrev  0x00001d0a      0x2c8 ./Drivers/STM32H7xx_HAL_Driver/Src/stm32h7xx_hal_rcc.o
 .debug_abbrev  0x00001fd2      0x269 ./Drivers/STM32H7xx_HAL_Driver/Src/stm32h7xx_hal_rcc_ex.o
 .debug_abbrev  0x0000223b      0x276 ./Drivers/STM32H7xx_HAL_Driver/Src/stm32h7xx_hal_tim.o
 .debug_abbrev  0x000024b1      0x281 ./Drivers/STM32H7xx_HAL_Driver/Src/stm32h7xx_hal_tim_ex.o
 .debug_abbrev  0x00002732      0x33d ./Drivers/STM32H7xx_HAL_Driver/Src/stm32h7xx_hal_uart.o
 .debug_abbrev  0x00002a6f      0x2d2 ./Drivers/STM32H7xx_HAL_Driver/Src/stm32h7xx_hal_uart_ex.o

.debug_aranges  0x00000000     0x11f8
 .debug_aranges
                0x00000000       0x38 ./Core/Libraries/Logic/PID.o
 .debug_aranges
                0x00000038       0x40 ./Core/Libraries/Logic/SpeedProfile.o
 .debug_aranges
                0x00000078       0x60 ./Core/Libraries/Logic/odometry.o
 .debug_aranges
                0x000000d8       0x78 ./Core/Libraries/Logic/sequences.o
 .debug_aranges
                0x00000150       0x30 ./Core/Libraries/Peripherals/encoders.o
 .debug_aranges
                0x00000180       0x58 ./Core/Libraries/Peripherals/motors.o
 .debug_aranges
                0x000001d8       0xa0 ./Core/Src/main.o
 .debug_aranges
                0x00000278       0x68 ./Core/Src/stm32h7xx_hal_msp.o
 .debug_aranges
                0x000002e0       0x70 ./Core/Src/stm32h7xx_it.o
 .debug_aranges
                0x00000350       0x30 ./Core/Src/system_stm32h7xx.o
 .debug_aranges
                0x00000380       0x28 ./Core/Startup/startup_stm32h743zitx.o
 .debug_aranges
                0x000003a8      0x198 ./Drivers/STM32H7xx_HAL_Driver/Src/stm32h7xx_hal.o
 .debug_aranges
                0x00000540      0x130 ./Drivers/STM32H7xx_HAL_Driver/Src/stm32h7xx_hal_cortex.o
 .debug_aranges
                0x00000670       0x58 ./Drivers/STM32H7xx_HAL_Driver/Src/stm32h7xx_hal_gpio.o
 .debug_aranges
                0x000006c8      0x158 ./Drivers/STM32H7xx_HAL_Driver/Src/stm32h7xx_hal_pwr_ex.o
 .debug_aranges
                0x00000820       0x88 ./Drivers/STM32H7xx_HAL_Driver/Src/stm32h7xx_hal_rcc.o
 .debug_aranges
                0x000008a8       0xf8 ./Drivers/STM32H7xx_HAL_Driver/Src/stm32h7xx_hal_rcc_ex.o
 .debug_aranges
                0x000009a0      0x3e0 ./Drivers/STM32H7xx_HAL_Driver/Src/stm32h7xx_hal_tim.o
 .debug_aranges
                0x00000d80      0x188 ./Drivers/STM32H7xx_HAL_Driver/Src/stm32h7xx_hal_tim_ex.o
 .debug_aranges
                0x00000f08      0x248 ./Drivers/STM32H7xx_HAL_Driver/Src/stm32h7xx_hal_uart.o
 .debug_aranges
                0x00001150       0xa8 ./Drivers/STM32H7xx_HAL_Driver/Src/stm32h7xx_hal_uart_ex.o

.debug_rnglists
                0x00000000      0xe02
 .debug_rnglists
                0x00000000       0x28 ./Core/Libraries/Logic/PID.o
 .debug_rnglists
                0x00000028       0x2e ./Core/Libraries/Logic/SpeedProfile.o
 .debug_rnglists
                0x00000056       0x45 ./Core/Libraries/Logic/odometry.o
 .debug_rnglists
                0x0000009b       0x56 ./Core/Libraries/Logic/sequences.o
 .debug_rnglists
                0x000000f1       0x1f ./Core/Libraries/Peripherals/encoders.o
 .debug_rnglists
                0x00000110       0x44 ./Core/Libraries/Peripherals/motors.o
 .debug_rnglists
                0x00000154       0x7d ./Core/Src/main.o
 .debug_rnglists
                0x000001d1       0x4d ./Core/Src/stm32h7xx_hal_msp.o
 .debug_rnglists
                0x0000021e       0x4f ./Core/Src/stm32h7xx_it.o
 .debug_rnglists
                0x0000026d       0x21 ./Core/Src/system_stm32h7xx.o
 .debug_rnglists
                0x0000028e       0x19 ./Core/Startup/startup_stm32h743zitx.o
 .debug_rnglists
                0x000002a7      0x131 ./Drivers/STM32H7xx_HAL_Driver/Src/stm32h7xx_hal.o
 .debug_rnglists
                0x000003d8       0xe0 ./Drivers/STM32H7xx_HAL_Driver/Src/stm32h7xx_hal_cortex.o
 .debug_rnglists
                0x000004b8       0x3f ./Drivers/STM32H7xx_HAL_Driver/Src/stm32h7xx_hal_gpio.o
 .debug_rnglists
                0x000004f7      0x103 ./Drivers/STM32H7xx_HAL_Driver/Src/stm32h7xx_hal_pwr_ex.o
 .debug_rnglists
                0x000005fa       0x68 ./Drivers/STM32H7xx_HAL_Driver/Src/stm32h7xx_hal_rcc.o
 .debug_rnglists
                0x00000662       0xc0 ./Drivers/STM32H7xx_HAL_Driver/Src/stm32h7xx_hal_rcc_ex.o
 .debug_rnglists
                0x00000722      0x328 ./Drivers/STM32H7xx_HAL_Driver/Src/stm32h7xx_hal_tim.o
 .debug_rnglists
                0x00000a4a      0x13f ./Drivers/STM32H7xx_HAL_Driver/Src/stm32h7xx_hal_tim_ex.o
 .debug_rnglists
                0x00000b89      0x1fa ./Drivers/STM32H7xx_HAL_Driver/Src/stm32h7xx_hal_uart.o
 .debug_rnglists
                0x00000d83       0x7f ./Drivers/STM32H7xx_HAL_Driver/Src/stm32h7xx_hal_uart_ex.o

.debug_macro    0x00000000    0x38055
 .debug_macro   0x00000000      0x2fb ./Core/Libraries/Logic/PID.o
 .debug_macro   0x000002fb      0xaf6 ./Core/Libraries/Logic/PID.o
 .debug_macro   0x00000df1      0x238 ./Core/Libraries/Logic/PID.o
 .debug_macro   0x00001029       0x2e ./Core/Libraries/Logic/PID.o
 .debug_macro   0x00001057       0x3b ./Core/Libraries/Logic/PID.o
 .debug_macro   0x00001092       0x22 ./Core/Libraries/Logic/PID.o
 .debug_macro   0x000010b4       0x8e ./Core/Libraries/Logic/PID.o
 .debug_macro   0x00001142       0x51 ./Core/Libraries/Logic/PID.o
 .debug_macro   0x00001193      0x103 ./Core/Libraries/Logic/PID.o
 .debug_macro   0x00001296       0x6a ./Core/Libraries/Logic/PID.o
 .debug_macro   0x00001300      0x1df ./Core/Libraries/Logic/PID.o
 .debug_macro   0x000014df       0x1c ./Core/Libraries/Logic/PID.o
 .debug_macro   0x000014fb       0x22 ./Core/Libraries/Logic/PID.o
 .debug_macro   0x0000151d       0xfb ./Core/Libraries/Logic/PID.o
 .debug_macro   0x00001618     0x1305 ./Core/Libraries/Logic/PID.o
 .debug_macro   0x0000291d      0x11f ./Core/Libraries/Logic/PID.o
 .debug_macro   0x00002a3c       0x27 ./Core/Libraries/Logic/PID.o
 .debug_macro   0x00002a63    0x25b9b ./Core/Libraries/Logic/PID.o
 .debug_macro   0x000285fe       0x6d ./Core/Libraries/Logic/PID.o
 .debug_macro   0x0002866b     0x3d79 ./Core/Libraries/Logic/PID.o
 .debug_macro   0x0002c3e4      0x190 ./Core/Libraries/Logic/PID.o
 .debug_macro   0x0002c574       0x61 ./Core/Libraries/Logic/PID.o
 .debug_macro   0x0002c5d5       0x29 ./Core/Libraries/Logic/PID.o
 .debug_macro   0x0002c5fe       0x43 ./Core/Libraries/Logic/PID.o
 .debug_macro   0x0002c641       0x34 ./Core/Libraries/Logic/PID.o
 .debug_macro   0x0002c675      0x370 ./Core/Libraries/Logic/PID.o
 .debug_macro   0x0002c9e5       0x16 ./Core/Libraries/Logic/PID.o
 .debug_macro   0x0002c9fb       0x4a ./Core/Libraries/Logic/PID.o
 .debug_macro   0x0002ca45       0x34 ./Core/Libraries/Logic/PID.o
 .debug_macro   0x0002ca79       0x10 ./Core/Libraries/Logic/PID.o
 .debug_macro   0x0002ca89       0x58 ./Core/Libraries/Logic/PID.o
 .debug_macro   0x0002cae1       0x8e ./Core/Libraries/Logic/PID.o
 .debug_macro   0x0002cb6f       0x1c ./Core/Libraries/Logic/PID.o
 .debug_macro   0x0002cb8b      0x185 ./Core/Libraries/Logic/PID.o
 .debug_macro   0x0002cd10      0x19b ./Core/Libraries/Logic/PID.o
 .debug_macro   0x0002ceab       0x5d ./Core/Libraries/Logic/PID.o
 .debug_macro   0x0002cf08     0x2382 ./Core/Libraries/Logic/PID.o
 .debug_macro   0x0002f28a     0x102c ./Core/Libraries/Logic/PID.o
 .debug_macro   0x000302b6      0x154 ./Core/Libraries/Logic/PID.o
 .debug_macro   0x0003040a      0x114 ./Core/Libraries/Logic/PID.o
 .debug_macro   0x0003051e      0x3b6 ./Core/Libraries/Logic/PID.o
 .debug_macro   0x000308d4       0xac ./Core/Libraries/Logic/PID.o
 .debug_macro   0x00030980      0x72d ./Core/Libraries/Logic/PID.o
 .debug_macro   0x000310ad      0x228 ./Core/Libraries/Logic/PID.o
 .debug_macro   0x000312d5       0x66 ./Core/Libraries/Logic/PID.o
 .debug_macro   0x0003133b      0x3bb ./Core/Libraries/Logic/PID.o
 .debug_macro   0x000316f6      0x3e4 ./Core/Libraries/Logic/PID.o
 .debug_macro   0x00031ada      0x275 ./Core/Libraries/Logic/PID.o
 .debug_macro   0x00031d4f      0x3ca ./Core/Libraries/Logic/PID.o
 .debug_macro   0x00032119      0x408 ./Core/Libraries/Logic/PID.o
 .debug_macro   0x00032521       0x51 ./Core/Libraries/Logic/PID.o
 .debug_macro   0x00032572       0x4a ./Core/Libraries/Logic/PID.o
 .debug_macro   0x000325bc      0x22c ./Core/Libraries/Logic/PID.o
 .debug_macro   0x000327e8       0x67 ./Core/Libraries/Logic/PID.o
 .debug_macro   0x0003284f       0xa5 ./Core/Libraries/Logic/PID.o
 .debug_macro   0x000328f4      0x1c4 ./Core/Libraries/Logic/PID.o
 .debug_macro   0x00032ab8      0x25e ./Core/Libraries/Logic/PID.o
 .debug_macro   0x00032d16       0x35 ./Core/Libraries/Logic/PID.o
 .debug_macro   0x00032d4b      0xafa ./Core/Libraries/Logic/PID.o
 .debug_macro   0x00033845      0x29f ./Core/Libraries/Logic/PID.o
 .debug_macro   0x00033ae4      0x693 ./Core/Libraries/Logic/PID.o
 .debug_macro   0x00034177       0xa6 ./Core/Libraries/Logic/PID.o
 .debug_macro   0x0003421d      0x5ac ./Core/Libraries/Logic/PID.o
 .debug_macro   0x000347c9      0x142 ./Core/Libraries/Logic/PID.o
 .debug_macro   0x0003490b       0x22 ./Core/Libraries/Logic/PID.o
 .debug_macro   0x0003492d      0x2f4 ./Core/Libraries/Logic/SpeedProfile.o
 .debug_macro   0x00034c21       0x10 ./Core/Libraries/Logic/SpeedProfile.o
 .debug_macro   0x00034c31      0x2ca ./Core/Libraries/Logic/odometry.o
 .debug_macro   0x00034efb      0x2e2 ./Core/Libraries/Logic/sequences.o
 .debug_macro   0x000351dd       0xf4 ./Core/Libraries/Logic/sequences.o
 .debug_macro   0x000352d1      0x148 ./Core/Libraries/Logic/sequences.o
 .debug_macro   0x00035419      0x2c0 ./Core/Libraries/Peripherals/encoders.o
 .debug_macro   0x000356d9      0x2cf ./Core/Libraries/Peripherals/motors.o
 .debug_macro   0x000359a8      0x326 ./Core/Src/main.o
 .debug_macro   0x00035cce      0x2b6 ./Core/Src/stm32h7xx_hal_msp.o
 .debug_macro   0x00035f84      0x2c0 ./Core/Src/stm32h7xx_it.o
 .debug_macro   0x00036244      0x2a7 ./Core/Src/system_stm32h7xx.o
 .debug_macro   0x000364eb      0x2d1 ./Drivers/STM32H7xx_HAL_Driver/Src/stm32h7xx_hal.o
 .debug_macro   0x000367bc      0x2a7 ./Drivers/STM32H7xx_HAL_Driver/Src/stm32h7xx_hal_cortex.o
 .debug_macro   0x00036a63      0x2ae ./Drivers/STM32H7xx_HAL_Driver/Src/stm32h7xx_hal_gpio.o
 .debug_macro   0x00036d11      0x2e0 ./Drivers/STM32H7xx_HAL_Driver/Src/stm32h7xx_hal_pwr_ex.o
 .debug_macro   0x00036ff1      0x2cb ./Drivers/STM32H7xx_HAL_Driver/Src/stm32h7xx_hal_rcc.o
 .debug_macro   0x000372bc      0x2c5 ./Drivers/STM32H7xx_HAL_Driver/Src/stm32h7xx_hal_rcc_ex.o
 .debug_macro   0x00037581      0x2a8 ./Drivers/STM32H7xx_HAL_Driver/Src/stm32h7xx_hal_tim.o
 .debug_macro   0x00037829      0x2a7 ./Drivers/STM32H7xx_HAL_Driver/Src/stm32h7xx_hal_tim_ex.o
 .debug_macro   0x00037ad0      0x2d2 ./Drivers/STM32H7xx_HAL_Driver/Src/stm32h7xx_hal_uart.o
 .debug_macro   0x00037da2      0x2b3 ./Drivers/STM32H7xx_HAL_Driver/Src/stm32h7xx_hal_uart_ex.o

.debug_line     0x00000000    0x1735f
 .debug_line    0x00000000      0xa6f ./Core/Libraries/Logic/PID.o
 .debug_line    0x00000a6f      0xb7d ./Core/Libraries/Logic/SpeedProfile.o
 .debug_line    0x000015ec      0x9bc ./Core/Libraries/Logic/odometry.o
 .debug_line    0x00001fa8      0x948 ./Core/Libraries/Logic/sequences.o
 .debug_line    0x000028f0      0x86b ./Core/Libraries/Peripherals/encoders.o
 .debug_line    0x0000315b      0xb41 ./Core/Libraries/Peripherals/motors.o
 .debug_line    0x00003c9c      0xea9 ./Core/Src/main.o
 .debug_line    0x00004b45      0x9c9 ./Core/Src/stm32h7xx_hal_msp.o
 .debug_line    0x0000550e      0x8df ./Core/Src/stm32h7xx_it.o
 .debug_line    0x00005ded      0x9ff ./Core/Src/system_stm32h7xx.o
 .debug_line    0x000067ec       0x7b ./Core/Startup/startup_stm32h743zitx.o
 .debug_line    0x00006867      0xdd8 ./Drivers/STM32H7xx_HAL_Driver/Src/stm32h7xx_hal.o
 .debug_line    0x0000763f      0xdc2 ./Drivers/STM32H7xx_HAL_Driver/Src/stm32h7xx_hal_cortex.o
 .debug_line    0x00008401      0xc61 ./Drivers/STM32H7xx_HAL_Driver/Src/stm32h7xx_hal_gpio.o
 .debug_line    0x00009062      0xf5c ./Drivers/STM32H7xx_HAL_Driver/Src/stm32h7xx_hal_pwr_ex.o
 .debug_line    0x00009fbe     0x147f ./Drivers/STM32H7xx_HAL_Driver/Src/stm32h7xx_hal_rcc.o
 .debug_line    0x0000b43d     0x1d8b ./Drivers/STM32H7xx_HAL_Driver/Src/stm32h7xx_hal_rcc_ex.o
 .debug_line    0x0000d1c8     0x3f2c ./Drivers/STM32H7xx_HAL_Driver/Src/stm32h7xx_hal_tim.o
 .debug_line    0x000110f4     0x1c9e ./Drivers/STM32H7xx_HAL_Driver/Src/stm32h7xx_hal_tim_ex.o
 .debug_line    0x00012d92     0x385f ./Drivers/STM32H7xx_HAL_Driver/Src/stm32h7xx_hal_uart.o
 .debug_line    0x000165f1      0xd6e ./Drivers/STM32H7xx_HAL_Driver/Src/stm32h7xx_hal_uart_ex.o

.debug_str      0x00000000   0x163b32
 .debug_str     0x00000000   0x163b32 ./Core/Libraries/Logic/PID.o
                             0x15d7d6 (size before relaxing)
 .debug_str     0x00163b32        0x0 ./Core/Libraries/Logic/SpeedProfile.o
                             0x15d824 (size before relaxing)
 .debug_str     0x00163b32        0x0 ./Core/Libraries/Logic/odometry.o
                             0x15d666 (size before relaxing)
 .debug_str     0x00163b32        0x0 ./Core/Libraries/Logic/sequences.o