../Core/Src/main.c:119:5:main	16	static
../Core/Src/main.c:201:6:HAL_TIM_PeriodElapsedCallback	32	static
../Core/Src/main.c:275:6:navigate	32	static
../Core/Src/main.c:289:6:spin_robot	16	static
../Core/Src/main.c:298:6:move_AX_Wheels_SyncTime	24	static
../Core/Src/main.c:306:6:read_sensors	4	static
../Core/Src/main.c:318:6:turn_crates	16	static
../Core/Src/main.c:335:6:SystemClock_Config	120	static
../Core/Src/main.c:395:13:MX_TIM1_Init	56	static
../Core/Src/main.c:446:13:MX_TIM2_Init	56	static
../Core/Src/main.c:495:13:MX_TIM3_Init	48	static
../Core/Src/main.c:548:13:MX_TIM4_Init	48	static
../Core/Src/main.c:601:13:MX_TIM7_Init	24	static
../Core/Src/main.c:639:13:MX_USART1_UART_Init	8	static
../Core/Src/main.c:687:13:MX_GPIO_Init	56	static
../Core/Src/main.c:756:6:MPU_Config	24	static
../Core/Src/main.c:787:6:Error_Handler	4	static,ignoring_inline_asm
